[browser] Uncaught Error: Hydration failed because the server rendered HTML didn't match the client. As a result this tree will be regenerated on the client. This can happen if a SSR-ed Client Component used:

- A server/client branch `if (typeof window !== 'undefined')`.
- Variable input such as `Date.now()` or `Math.random()` which changes each time it's called.
- Date formatting in a user's locale which doesn't match the server.
- External changing data without sending a snapshot of it along with the HTML.
- Invalid HTML tag nesting.

It can also happen if the client has a browser extension installed which messes with the HTML before React loaded.

https://react.dev/link/hydration-mismatch

  ...
    <ScrollAndMaybeFocusHandler cacheNode={{rsc:{...}, ...}}>
      <InnerScrollAndFocusHandlerOld focusAndScrollRef={{scrollRef:null, ...}} cacheNode={{rsc:{...}, ...}}>
        <ErrorBoundary errorComponent={undefined} errorStyles={undefined} errorScripts={undefined}>
          <LoadingBoundary name="/" loading={null}>
            <HTTPAccessFallbackBoundary notFound={{...}} forbidden={undefined} unauthorized={undefined}>
              <HTTPAccessFallbackErrorBoundary pathname="/user/dash..." notFound={{...}} forbidden={undefined} ...>
                <RedirectBoundary>
                  <RedirectErrorBoundary router={{...}}>
                    <InnerLayoutRouter url="/user/dash..." tree={[...]} params={{}} cacheNode={{rsc:{...}, ...}} ...>
                      <SegmentViewNode type="layout" pagePath="user/layou...">
                        <SegmentTrieNode>
                        <script>
                        <script>
                        <ClientSegmentRoot Component={function StudentLayout} slots={{children:{...}}} ...>
                          <StudentLayout params={Promise}>
+                           <div className="flex min-h-screen bg-slate-100 dark:bg-slate-950">
-                           <section
-                             aria-label="Notifications alt+T"
-                             tabindex="-1"
-                             aria-live="polite"
-                             aria-relevant="additions text"
-                             aria-atomic="false"
-                           >
                    ...
        ...

    at <unknown> (https://react.dev/link/hydration-mismatch)
    at div (<anonymous>)
    at StudentLayout (file://D:/webvocal/vocab-practice/frontend/.next/dev/static/chunks/_05km3b6._.js:1764:216)
[browser] Uncaught Error: Hydration failed because the server rendered HTML didn't match the client. As a result this tree will be regenerated on the client. This can happen if a SSR-ed Client Component used:

- A server/client branch `if (typeof window !== 'undefined')`.
- Variable input such as `Date.now()` or `Math.random()` which changes each time it's called.
- Date formatting in a user's locale which doesn't match the server.
- External changing data without sending a snapshot of it along with the HTML.
- Invalid HTML tag nesting.

It can also happen if the client has a browser extension installed which messes with the HTML before React loaded.

https://react.dev/link/hydration-mismatch

  ...
    <ScrollAndMaybeFocusHandler cacheNode={{rsc:{...}, ...}}>
      <InnerScrollAndFocusHandlerOld focusAndScrollRef={{scrollRef:null, ...}} cacheNode={{rsc:{...}, ...}}>
        <ErrorBoundary errorComponent={undefined} errorStyles={undefined} errorScripts={undefined}>
          <LoadingBoundary name="/" loading={null}>
            <HTTPAccessFallbackBoundary notFound={{...}} forbidden={undefined} unauthorized={undefined}>
              <HTTPAccessFallbackErrorBoundary pathname="/user/courses" notFound={{...}} forbidden={undefined} ...>
                <RedirectBoundary>
                  <RedirectErrorBoundary router={{...}}>
                    <InnerLayoutRouter url="/user/courses" tree={[...]} params={{}} cacheNode={{rsc:{...}, ...}} ...>
                      <SegmentViewNode type="layout" pagePath="user/layou...">
                        <SegmentTrieNode>
                        <script>
                        <script>
                        <ClientSegmentRoot Component={function StudentLayout} slots={{children:{...}}} ...>
                          <StudentLayout params={Promise}>
+                           <div className="flex min-h-screen bg-slate-100 dark:bg-slate-950">
-                           <section
-                             aria-label="Notifications alt+T"
-                             tabindex="-1"
-                             aria-live="polite"
-                             aria-relevant="additions text"
-                             aria-atomic="false"
-                           >
                    ...
        ...

    at <unknown> (https://react.dev/link/hydration-mismatch)
    at div (<anonymous>)
    at StudentLayout (file://D:/webvocal/vocab-practice/frontend/.next/dev/static/chunks/_05km3b6._.js:1764:216)
[browser] Uncaught Error: Hydration failed because the server rendered HTML didn't match the client. As a result this tree will be regenerated on the client. This can happen if a SSR-ed Client Component used:

- A server/client branch `if (typeof window !== 'undefined')`.
- Variable input such as `Date.now()` or `Math.random()` which changes each time it's called.
- Date formatting in a user's locale which doesn't match the server.
- External changing data without sending a snapshot of it along with the HTML.
- Invalid HTML tag nesting.

It can also happen if the client has a browser extension installed which messes with the HTML before React loaded.

https://react.dev/link/hydration-mismatch

  ...
    <ScrollAndMaybeFocusHandler cacheNode={{rsc:{...}, ...}}>
      <InnerScrollAndFocusHandlerOld focusAndScrollRef={{scrollRef:null, ...}} cacheNode={{rsc:{...}, ...}}>
        <ErrorBoundary errorComponent={undefined} errorStyles={undefined} errorScripts={undefined}>
          <LoadingBoundary name="/" loading={null}>
            <HTTPAccessFallbackBoundary notFound={{...}} forbidden={undefined} unauthorized={undefined}>
              <HTTPAccessFallbackErrorBoundary pathname="/user/learn" notFound={{...}} forbidden={undefined} ...>
                <RedirectBoundary>
                  <RedirectErrorBoundary router={{...}}>
                    <InnerLayoutRouter url="/user/learn" tree={[...]} params={{}} cacheNode={{rsc:{...}, ...}} ...>
                      <SegmentViewNode type="layout" pagePath="user/layou...">
                        <SegmentTrieNode>
                        <script>
                        <script>
                        <ClientSegmentRoot Component={function StudentLayout} slots={{children:{...}}} ...>
                          <StudentLayout params={Promise}>
+                           <div className="flex min-h-screen bg-slate-100 dark:bg-slate-950">
-                           <section
-                             aria-label="Notifications alt+T"
-                             tabindex="-1"
-                             aria-live="polite"
-                             aria-relevant="additions text"
-                             aria-atomic="false"
-                           >
                    ...
        ...

    at <unknown> (https://react.dev/link/hydration-mismatch)
    at div (<anonymous>)
    at StudentLayout (file://D:/webvocal/vocab-practice/frontend/.next/dev/static/chunks/_05km3b6._.js:1764:216)
[browser] Uncaught Error: Hydration failed because the server rendered HTML didn't match the client. As a result this tree will be regenerated on the client. This can happen if a SSR-ed Client Component used:

- A server/client branch `if (typeof window !== 'undefined')`.
- Variable input such as `Date.now()` or `Math.random()` which changes each time it's called.
- Date formatting in a user's locale which doesn't match the server.
- External changing data without sending a snapshot of it along with the HTML.
- Invalid HTML tag nesting.

It can also happen if the client has a browser extension installed which messes with the HTML before React loaded.

https://react.dev/link/hydration-mismatch

  ...
    <ScrollAndMaybeFocusHandler cacheNode={{rsc:{...}, ...}}>
      <InnerScrollAndFocusHandlerOld focusAndScrollRef={{scrollRef:null, ...}} cacheNode={{rsc:{...}, ...}}>
        <ErrorBoundary errorComponent={undefined} errorStyles={undefined} errorScripts={undefined}>
          <LoadingBoundary name="/" loading={null}>
            <HTTPAccessFallbackBoundary notFound={{...}} forbidden={undefined} unauthorized={undefined}>
              <HTTPAccessFallbackErrorBoundary pathname="/user/prac..." notFound={{...}} forbidden={undefined} ...>
                <RedirectBoundary>
                  <RedirectErrorBoundary router={{...}}>
                    <InnerLayoutRouter url="/user/prac..." tree={[...]} params={{}} cacheNode={{rsc:{...}, ...}} ...>
                      <SegmentViewNode type="layout" pagePath="user/layou...">
                        <SegmentTrieNode>
                        <script>
                        <script>
                        <ClientSegmentRoot Component={function StudentLayout} slots={{children:{...}}} ...>
                          <StudentLayout params={Promise}>
+                           <div className="flex min-h-screen bg-slate-100 dark:bg-slate-950">
-                           <section
-                             aria-label="Notifications alt+T"
-                             tabindex="-1"
-                             aria-live="polite"
-                             aria-relevant="additions text"
-                             aria-atomic="false"
-                           >
                    ...
        ...

    at <unknown> (https://react.dev/link/hydration-mismatch)
    at div (<anonymous>)
    at StudentLayout (file://D:/webvocal/vocab-practice/frontend/.next/dev/static/chunks/_05km3b6._.js:1764:216)
[browser] Uncaught Error: Hydration failed because the server rendered HTML didn't match the client. As a result this tree will be regenerated on the client. This can happen if a SSR-ed Client Component used:

- A server/client branch `if (typeof window !== 'undefined')`.
- Variable input such as `Date.now()` or `Math.random()` which changes each time it's called.
- Date formatting in a user's locale which doesn't match the server.
- External changing data without sending a snapshot of it along with the HTML.
- Invalid HTML tag nesting.

It can also happen if the client has a browser extension installed which messes with the HTML before React loaded.

https://react.dev/link/hydration-mismatch

  ...
    <ScrollAndMaybeFocusHandler cacheNode={{rsc:{...}, ...}}>
      <InnerScrollAndFocusHandlerOld focusAndScrollRef={{scrollRef:null, ...}} cacheNode={{rsc:{...}, ...}}>
        <ErrorBoundary errorComponent={undefined} errorStyles={undefined} errorScripts={undefined}>
          <LoadingBoundary name="/" loading={null}>
            <HTTPAccessFallbackBoundary notFound={{...}} forbidden={undefined} unauthorized={undefined}>
              <HTTPAccessFallbackErrorBoundary pathname="/user/mini..." notFound={{...}} forbidden={undefined} ...>
                <RedirectBoundary>
                  <RedirectErrorBoundary router={{...}}>
                    <InnerLayoutRouter url="/user/mini..." tree={[...]} params={{}} cacheNode={{rsc:{...}, ...}} ...>
                      <SegmentViewNode type="layout" pagePath="user/layou...">
                        <SegmentTrieNode>
                        <script>
                        <script>
                        <ClientSegmentRoot Component={function StudentLayout} slots={{children:{...}}} ...>
                          <StudentLayout params={Promise}>
+                           <div className="flex min-h-screen bg-slate-100 dark:bg-slate-950">
-                           <section
-                             aria-label="Notifications alt+T"
-                             tabindex="-1"
-                             aria-live="polite"
-                             aria-relevant="additions text"
-                             aria-atomic="false"
-                           >
                    ...
        ...

    at <unknown> (https://react.dev/link/hydration-mismatch)
    at div (<anonymous>)
    at StudentLayout (file://D:/webvocal/vocab-practice/frontend/.next/dev/static/chunks/_05km3b6._.js:1764:216)
[browser] Uncaught Error: Hydration failed because the server rendered HTML didn't match the client. As a result this tree will be regenerated on the client. This can happen if a SSR-ed Client Component used:

- A server/client branch `if (typeof window !== 'undefined')`.
- Variable input such as `Date.now()` or `Math.random()` which changes each time it's called.
- Date formatting in a user's locale which doesn't match the server.
- External changing data without sending a snapshot of it along with the HTML.
- Invalid HTML tag nesting.

It can also happen if the client has a browser extension installed which messes with the HTML before React loaded.

https://react.dev/link/hydration-mismatch

  ...
    <ScrollAndMaybeFocusHandler cacheNode={{rsc:{...}, ...}}>
      <InnerScrollAndFocusHandlerOld focusAndScrollRef={{scrollRef:null, ...}} cacheNode={{rsc:{...}, ...}}>
        <ErrorBoundary errorComponent={undefined} errorStyles={undefined} errorScripts={undefined}>
          <LoadingBoundary name="/" loading={null}>
            <HTTPAccessFallbackBoundary notFound={{...}} forbidden={undefined} unauthorized={undefined}>
              <HTTPAccessFallbackErrorBoundary pathname="/user/note..." notFound={{...}} forbidden={undefined} ...>
                <RedirectBoundary>
                  <RedirectErrorBoundary router={{...}}>
                    <InnerLayoutRouter url="/user/note..." tree={[...]} params={{}} cacheNode={{rsc:{...}, ...}} ...>
                      <SegmentViewNode type="layout" pagePath="user/layou...">
                        <SegmentTrieNode>
                        <script>
                        <script>
                        <ClientSegmentRoot Component={function StudentLayout} slots={{children:{...}}} ...>
                          <StudentLayout params={Promise}>
+                           <div className="flex min-h-screen bg-slate-100 dark:bg-slate-950">
-                           <section
-                             aria-label="Notifications alt+T"
-                             tabindex="-1"
-                             aria-live="polite"
-                             aria-relevant="additions text"
-                             aria-atomic="false"
-                           >
                    ...
        ...

    at <unknown> (https://react.dev/link/hydration-mismatch)
    at div (<anonymous>)
    at StudentLayout (file://D:/webvocal/vocab-practice/frontend/.next/dev/static/chunks/_05km3b6._.js:1764:216)
[browser] Uncaught Error: Hydration failed because the server rendered HTML didn't match the client. As a result this tree will be regenerated on the client. This can happen if a SSR-ed Client Component used:

- A server/client branch `if (typeof window !== 'undefined')`.
- Variable input such as `Date.now()` or `Math.random()` which changes each time it's called.
- Date formatting in a user's locale which doesn't match the server.
- External changing data without sending a snapshot of it along with the HTML.
- Invalid HTML tag nesting.

It can also happen if the client has a browser extension installed which messes with the HTML before React loaded.

https://react.dev/link/hydration-mismatch

  ...
    <ScrollAndMaybeFocusHandler cacheNode={{rsc:{...}, ...}}>
      <InnerScrollAndFocusHandlerOld focusAndScrollRef={{scrollRef:null, ...}} cacheNode={{rsc:{...}, ...}}>
        <ErrorBoundary errorComponent={undefined} errorStyles={undefined} errorScripts={undefined}>
          <LoadingBoundary name="/" loading={null}>
            <HTTPAccessFallbackBoundary notFound={{...}} forbidden={undefined} unauthorized={undefined}>
              <HTTPAccessFallbackErrorBoundary pathname="/user/achi..." notFound={{...}} forbidden={undefined} ...>
                <RedirectBoundary>
                  <RedirectErrorBoundary router={{...}}>
                    <InnerLayoutRouter url="/user/achi..." tree={[...]} params={{}} cacheNode={{rsc:{...}, ...}} ...>
                      <SegmentViewNode type="layout" pagePath="user/layou...">
                        <SegmentTrieNode>
                        <script>
                        <script>
                        <ClientSegmentRoot Component={function StudentLayout} slots={{children:{...}}} ...>
                          <StudentLayout params={Promise}>
+                           <div className="flex min-h-screen bg-slate-100 dark:bg-slate-950">
-                           <section
-                             aria-label="Notifications alt+T"
-                             tabindex="-1"
-                             aria-live="polite"
-                             aria-relevant="additions text"
-                             aria-atomic="false"
-                           >
                    ...
        ...

    at <unknown> (https://react.dev/link/hydration-mismatch)
    at div (<anonymous>)
    at StudentLayout (file://D:/webvocal/vocab-practice/frontend/.next/dev/static/chunks/_05km3b6._.js:1764:216)
[browser] Uncaught Error: Hydration failed because the server rendered HTML didn't match the client. As a result this tree will be regenerated on the client. This can happen if a SSR-ed Client Component used:

- A server/client branch `if (typeof window !== 'undefined')`.
- Variable input such as `Date.now()` or `Math.random()` which changes each time it's called.
- Date formatting in a user's locale which doesn't match the server.
- External changing data without sending a snapshot of it along with the HTML.
- Invalid HTML tag nesting.

It can also happen if the client has a browser extension installed which messes with the HTML before React loaded.

https://react.dev/link/hydration-mismatch

  ...
    <ScrollAndMaybeFocusHandler cacheNode={{rsc:{...}, ...}}>
      <InnerScrollAndFocusHandlerOld focusAndScrollRef={{scrollRef:null, ...}} cacheNode={{rsc:{...}, ...}}>
        <ErrorBoundary errorComponent={undefined} errorStyles={undefined} errorScripts={undefined}>
          <LoadingBoundary name="/" loading={null}>
            <HTTPAccessFallbackBoundary notFound={{...}} forbidden={undefined} unauthorized={undefined}>
              <HTTPAccessFallbackErrorBoundary pathname="/user/prog..." notFound={{...}} forbidden={undefined} ...>
                <RedirectBoundary>
                  <RedirectErrorBoundary router={{...}}>
                    <InnerLayoutRouter url="/user/prog..." tree={[...]} params={{}} cacheNode={{rsc:{...}, ...}} ...>
                      <SegmentViewNode type="layout" pagePath="user/layou...">
                        <SegmentTrieNode>
                        <script>
                        <script>
                        <ClientSegmentRoot Component={function StudentLayout} slots={{children:{...}}} ...>
                          <StudentLayout params={Promise}>
+                           <div className="flex min-h-screen bg-slate-100 dark:bg-slate-950">
-                           <section
-                             aria-label="Notifications alt+T"
-                             tabindex="-1"
-                             aria-live="polite"
-                             aria-relevant="additions text"
-                             aria-atomic="false"
-                           >
                    ...
        ...

    at <unknown> (https://react.dev/link/hydration-mismatch)
    at div (<anonymous>)
    at StudentLayout (file://D:/webvocal/vocab-practice/frontend/.next/dev/static/chunks/_05km3b6._.js:1764:216)
[browser] Failed to fetch progress analytics AxiosError: Request failed with status code 500
    at async Object.getProgressAnalytics (src/services/user.service.ts:48:22)
    at async UserProgress.useCallback[fetchAnalytics] (file://D:/webvocal/vocab-practice/frontend/.next/dev/static/chunks/_00tt88c._.js:3638:30)
  46 |
  47 |   async getProgressAnalytics() {
> 48 |     const response = await apiClient.get('/user/progress/analytics');
     |                      ^
  49 |     return response.data as ProgressAnalytics;
  50 |   },
  51 | (file://D:/webvocal/vocab-practice/frontend/.next/dev/static/chunks/_00tt88c._.js:3641:25)
[browser] Uncaught Error: Hydration failed because the server rendered HTML didn't match the client. As a result this tree will be regenerated on the client. This can happen if a SSR-ed Client Component used:

- A server/client branch `if (typeof window !== 'undefined')`.
- Variable input such as `Date.now()` or `Math.random()` which changes each time it's called.
- Date formatting in a user's locale which doesn't match the server.
- External changing data without sending a snapshot of it along with the HTML.
- Invalid HTML tag nesting.

It can also happen if the client has a browser extension installed which messes with the HTML before React loaded.

https://react.dev/link/hydration-mismatch

  ...
    <ScrollAndMaybeFocusHandler cacheNode={{rsc:{...}, ...}}>
      <InnerScrollAndFocusHandlerOld focusAndScrollRef={{scrollRef:null, ...}} cacheNode={{rsc:{...}, ...}}>
        <ErrorBoundary errorComponent={undefined} errorStyles={undefined} errorScripts={undefined}>
          <LoadingBoundary name="/" loading={null}>
            <HTTPAccessFallbackBoundary notFound={{...}} forbidden={undefined} unauthorized={undefined}>
              <HTTPAccessFallbackErrorBoundary pathname="/user/sett..." notFound={{...}} forbidden={undefined} ...>
                <RedirectBoundary>
                  <RedirectErrorBoundary router={{...}}>
                    <InnerLayoutRouter url="/user/sett..." tree={[...]} params={{}} cacheNode={{rsc:{...}, ...}} ...>
                      <SegmentViewNode type="layout" pagePath="user/layou...">
                        <SegmentTrieNode>
                        <script>
                        <script>
                        <ClientSegmentRoot Component={function StudentLayout} slots={{children:{...}}} ...>
                          <StudentLayout params={Promise}>
+                           <div className="flex min-h-screen bg-slate-100 dark:bg-slate-950">
-                           <section
-                             aria-label="Notifications alt+T"
-                             tabindex="-1"
-                             aria-live="polite"
-                             aria-relevant="additions text"
-                             aria-atomic="false"
-                           >
                    ...
        ...

    at <unknown> (https://react.dev/link/hydration-mismatch)
    at div (<anonymous>)
    at StudentLayout (file://D:/webvocal/vocab-practice/frontend/.next/dev/static/chunks/_05km3b6._.js:1764:216)
[browser] Uncaught Error: Hydration failed because the server rendered HTML didn't match the client. As a result this tree will be regenerated on the client. This can happen if a SSR-ed Client Component used:

- A server/client branch `if (typeof window !== 'undefined')`.
- Variable input such as `Date.now()` or `Math.random()` which changes each time it's called.
- Date formatting in a user's locale which doesn't match the server.
- External changing data without sending a snapshot of it along with the HTML.
- Invalid HTML tag nesting.

It can also happen if the client has a browser extension installed which messes with the HTML before React loaded.

https://react.dev/link/hydration-mismatch

  ...
    <ScrollAndMaybeFocusHandler cacheNode={{rsc:{...}, ...}}>
      <InnerScrollAndFocusHandlerOld focusAndScrollRef={{scrollRef:null, ...}} cacheNode={{rsc:{...}, ...}}>
        <ErrorBoundary errorComponent={undefined} errorStyles={undefined} errorScripts={undefined}>
          <LoadingBoundary name="/" loading={null}>
            <HTTPAccessFallbackBoundary notFound={{...}} forbidden={undefined} unauthorized={undefined}>
              <HTTPAccessFallbackErrorBoundary pathname="/creator/d..." notFound={{...}} forbidden={undefined} ...>
                <RedirectBoundary>
                  <RedirectErrorBoundary router={{...}}>
                    <InnerLayoutRouter url="/creator/d..." tree={[...]} params={{}} cacheNode={{rsc:{...}, ...}} ...>
                      <SegmentViewNode type="layout" pagePath="creator/la...">
                        <SegmentTrieNode>
                        <script>
                        <script>
                        <ClientSegmentRoot Component={function CreatorLayout} slots={{children:{...}}} ...>
                          <CreatorLayout params={Promise}>
+                           <div
+                             className="flex min-h-screen bg-slate-100 text-slate-950 dark:bg-slate-950 dark:text-sla..."
+                           >
-                           <section
-                             aria-label="Notifications alt+T"
-                             tabindex="-1"
-                             aria-live="polite"
-                             aria-relevant="additions text"
-                             aria-atomic="false"
-                           >
                    ...
        ...

    at <unknown> (https://react.dev/link/hydration-mismatch)
    at div (<anonymous>)
    at CreatorLayout (file://D:/webvocal/vocab-practice/frontend/.next/dev/static/chunks/_0_eb381._.js:1026:216)
[browser] Uncaught Error: Hydration failed because the server rendered HTML didn't match the client. As a result this tree will be regenerated on the client. This can happen if a SSR-ed Client Component used:

- A server/client branch `if (typeof window !== 'undefined')`.
- Variable input such as `Date.now()` or `Math.random()` which changes each time it's called.
- Date formatting in a user's locale which doesn't match the server.
- External changing data without sending a snapshot of it along with the HTML.
- Invalid HTML tag nesting.

It can also happen if the client has a browser extension installed which messes with the HTML before React loaded.

https://react.dev/link/hydration-mismatch

  ...
    <ScrollAndMaybeFocusHandler cacheNode={{rsc:{...}, ...}}>
      <InnerScrollAndFocusHandlerOld focusAndScrollRef={{scrollRef:null, ...}} cacheNode={{rsc:{...}, ...}}>
        <ErrorBoundary errorComponent={undefined} errorStyles={undefined} errorScripts={undefined}>
          <LoadingBoundary name="/" loading={null}>
            <HTTPAccessFallbackBoundary notFound={{...}} forbidden={undefined} unauthorized={undefined}>
              <HTTPAccessFallbackErrorBoundary pathname="/creator/t..." notFound={{...}} forbidden={undefined} ...>
                <RedirectBoundary>
                  <RedirectErrorBoundary router={{...}}>
                    <InnerLayoutRouter url="/creator/t..." tree={[...]} params={{}} cacheNode={{rsc:{...}, ...}} ...>
                      <SegmentViewNode type="layout" pagePath="creator/la...">
                        <SegmentTrieNode>
                        <script>
                        <script>
                        <ClientSegmentRoot Component={function CreatorLayout} slots={{children:{...}}} ...>
                          <CreatorLayout params={Promise}>
+                           <div
+                             className="flex min-h-screen bg-slate-100 text-slate-950 dark:bg-slate-950 dark:text-sla..."
+                           >
-                           <section
-                             aria-label="Notifications alt+T"
-                             tabindex="-1"
-                             aria-live="polite"
-                             aria-relevant="additions text"
-                             aria-atomic="false"
-                           >
                    ...
        ...

    at <unknown> (https://react.dev/link/hydration-mismatch)
    at div (<anonymous>)
    at CreatorLayout (file://D:/webvocal/vocab-practice/frontend/.next/dev/static/chunks/_0_eb381._.js:1026:216)
[browser] Uncaught TypeError: topics.map is not a function
    at CreatorTopicsPage (file://D:/webvocal/vocab-practice/frontend/.next/dev/static/chunks/_0ugrhbk._.js:889:51)
[browser] Uncaught Error: Hydration failed because the server rendered HTML didn't match the client. As a result this tree will be regenerated on the client. This can happen if a SSR-ed Client Component used:

- A server/client branch `if (typeof window !== 'undefined')`.
- Variable input such as `Date.now()` or `Math.random()` which changes each time it's called.
- Date formatting in a user's locale which doesn't match the server.
- External changing data without sending a snapshot of it along with the HTML.
- Invalid HTML tag nesting.

It can also happen if the client has a browser extension installed which messes with the HTML before React loaded.

https://react.dev/link/hydration-mismatch

  ...
    <ScrollAndMaybeFocusHandler cacheNode={{rsc:{...}, ...}}>
      <InnerScrollAndFocusHandlerOld focusAndScrollRef={{scrollRef:null, ...}} cacheNode={{rsc:{...}, ...}}>
        <ErrorBoundary errorComponent={undefined} errorStyles={undefined} errorScripts={undefined}>
          <LoadingBoundary name="/" loading={null}>
            <HTTPAccessFallbackBoundary notFound={{...}} forbidden={undefined} unauthorized={undefined}>
              <HTTPAccessFallbackErrorBoundary pathname="/creator/w..." notFound={{...}} forbidden={undefined} ...>
                <RedirectBoundary>
                  <RedirectErrorBoundary router={{...}}>
                    <InnerLayoutRouter url="/creator/w..." tree={[...]} params={{}} cacheNode={{rsc:{...}, ...}} ...>
                      <SegmentViewNode type="layout" pagePath="creator/la...">
                        <SegmentTrieNode>
                        <script>
                        <script>
                        <ClientSegmentRoot Component={function CreatorLayout} slots={{children:{...}}} ...>
                          <CreatorLayout params={Promise}>
+                           <div
+                             className="flex min-h-screen bg-slate-100 text-slate-950 dark:bg-slate-950 dark:text-sla..."
+                           >
-                           <section
-                             aria-label="Notifications alt+T"
-                             tabindex="-1"
-                             aria-live="polite"
-                             aria-relevant="additions text"
-                             aria-atomic="false"
-                           >
                    ...
        ...

    at <unknown> (https://react.dev/link/hydration-mismatch)
    at div (<anonymous>)
    at CreatorLayout (file://D:/webvocal/vocab-practice/frontend/.next/dev/static/chunks/_0_eb381._.js:1026:216)
[browser] Uncaught TypeError: words.map is not a function
    at CreatorWordsPage (file://D:/webvocal/vocab-practice/frontend/.next/dev/static/chunks/_0ta7i25._.js:966:50)
[browser] Uncaught Error: Hydration failed because the server rendered HTML didn't match the client. As a result this tree will be regenerated on the client. This can happen if a SSR-ed Client Component used:

- A server/client branch `if (typeof window !== 'undefined')`.
- Variable input such as `Date.now()` or `Math.random()` which changes each time it's called.
- Date formatting in a user's locale which doesn't match the server.
- External changing data without sending a snapshot of it along with the HTML.
- Invalid HTML tag nesting.

It can also happen if the client has a browser extension installed which messes with the HTML before React loaded.

https://react.dev/link/hydration-mismatch

  ...
    <ScrollAndMaybeFocusHandler cacheNode={{rsc:{...}, ...}}>
      <InnerScrollAndFocusHandlerOld focusAndScrollRef={{scrollRef:null, ...}} cacheNode={{rsc:{...}, ...}}>
        <ErrorBoundary errorComponent={undefined} errorStyles={undefined} errorScripts={undefined}>
          <LoadingBoundary name="/" loading={null}>
            <HTTPAccessFallbackBoundary notFound={{...}} forbidden={undefined} unauthorized={undefined}>
              <HTTPAccessFallbackErrorBoundary pathname="/creator/q..." notFound={{...}} forbidden={undefined} ...>
                <RedirectBoundary>
                  <RedirectErrorBoundary router={{...}}>
                    <InnerLayoutRouter url="/creator/q..." tree={[...]} params={{}} cacheNode={{rsc:{...}, ...}} ...>
                      <SegmentViewNode type="layout" pagePath="creator/la...">
                        <SegmentTrieNode>
                        <script>
                        <script>
                        <ClientSegmentRoot Component={function CreatorLayout} slots={{children:{...}}} ...>
                          <CreatorLayout params={Promise}>
+                           <div
+                             className="flex min-h-screen bg-slate-100 text-slate-950 dark:bg-slate-950 dark:text-sla..."
+                           >
-                           <section
-                             aria-label="Notifications alt+T"
-                             tabindex="-1"
-                             aria-live="polite"
-                             aria-relevant="additions text"
-                             aria-atomic="false"
-                           >
                    ...
        ...

    at <unknown> (https://react.dev/link/hydration-mismatch)
    at div (<anonymous>)
    at CreatorLayout (file://D:/webvocal/vocab-practice/frontend/.next/dev/static/chunks/_0_eb381._.js:1026:216)
[browser] Uncaught TypeError: items.map is not a function
    at CreatorQuestionsPage (file://D:/webvocal/vocab-practice/frontend/.next/dev/static/chunks/_0i6vurz._.js:910:50)
[browser] Uncaught Error: Hydration failed because the server rendered HTML didn't match the client. As a result this tree will be regenerated on the client. This can happen if a SSR-ed Client Component used:

- A server/client branch `if (typeof window !== 'undefined')`.
- Variable input such as `Date.now()` or `Math.random()` which changes each time it's called.
- Date formatting in a user's locale which doesn't match the server.
- External changing data without sending a snapshot of it along with the HTML.
- Invalid HTML tag nesting.

It can also happen if the client has a browser extension installed which messes with the HTML before React loaded.

https://react.dev/link/hydration-mismatch

  ...
    <ScrollAndMaybeFocusHandler cacheNode={{rsc:{...}, ...}}>
      <InnerScrollAndFocusHandlerOld focusAndScrollRef={{scrollRef:null, ...}} cacheNode={{rsc:{...}, ...}}>
        <ErrorBoundary errorComponent={undefined} errorStyles={undefined} errorScripts={undefined}>
          <LoadingBoundary name="/" loading={null}>
            <HTTPAccessFallbackBoundary notFound={{...}} forbidden={undefined} unauthorized={undefined}>
              <HTTPAccessFallbackErrorBoundary pathname="/creator/m..." notFound={{...}} forbidden={undefined} ...>
                <RedirectBoundary>
                  <RedirectErrorBoundary router={{...}}>
                    <InnerLayoutRouter url="/creator/m..." tree={[...]} params={{}} cacheNode={{rsc:{...}, ...}} ...>
                      <SegmentViewNode type="layout" pagePath="creator/la...">
                        <SegmentTrieNode>
                        <script>
                        <script>
                        <ClientSegmentRoot Component={function CreatorLayout} slots={{children:{...}}} ...>
                          <CreatorLayout params={Promise}>
+                           <div
+                             className="flex min-h-screen bg-slate-100 text-slate-950 dark:bg-slate-950 dark:text-sla..."
+                           >
-                           <section
-                             aria-label="Notifications alt+T"
-                             tabindex="-1"
-                             aria-live="polite"
-                             aria-relevant="additions text"
-                             aria-atomic="false"
-                           >
                    ...
        ...

    at <unknown> (https://react.dev/link/hydration-mismatch)
    at div (<anonymous>)
    at CreatorLayout (file://D:/webvocal/vocab-practice/frontend/.next/dev/static/chunks/_0_eb381._.js:1026:216)
[browser] Uncaught TypeError: items.map is not a function
    at CreatorMiniTestsPage (file://D:/webvocal/vocab-practice/frontend/.next/dev/static/chunks/_0o25vxy._.js:835:50)
[browser] Uncaught Error: Hydration failed because the server rendered HTML didn't match the client. As a result this tree will be regenerated on the client. This can happen if a SSR-ed Client Component used:

- A server/client branch `if (typeof window !== 'undefined')`.
- Variable input such as `Date.now()` or `Math.random()` which changes each time it's called.
- Date formatting in a user's locale which doesn't match the server.
- External changing data without sending a snapshot of it along with the HTML.
- Invalid HTML tag nesting.

It can also happen if the client has a browser extension installed which messes with the HTML before React loaded.

https://react.dev/link/hydration-mismatch

  ...
    <ScrollAndMaybeFocusHandler cacheNode={{rsc:{...}, ...}}>
      <InnerScrollAndFocusHandlerOld focusAndScrollRef={{scrollRef:null, ...}} cacheNode={{rsc:{...}, ...}}>
        <ErrorBoundary errorComponent={undefined} errorStyles={undefined} errorScripts={undefined}>
          <LoadingBoundary name="/" loading={null}>
            <HTTPAccessFallbackBoundary notFound={{...}} forbidden={undefined} unauthorized={undefined}>
              <HTTPAccessFallbackErrorBoundary pathname="/creator/m..." notFound={{...}} forbidden={undefined} ...>
                <RedirectBoundary>
                  <RedirectErrorBoundary router={{...}}>
                    <InnerLayoutRouter url="/creator/m..." tree={[...]} params={{}} cacheNode={{rsc:{...}, ...}} ...>
                      <SegmentViewNode type="layout" pagePath="creator/la...">
                        <SegmentTrieNode>
                        <script>
                        <script>
                        <ClientSegmentRoot Component={function CreatorLayout} slots={{children:{...}}} ...>
                          <CreatorLayout params={Promise}>
+                           <div
+                             className="flex min-h-screen bg-slate-100 text-slate-950 dark:bg-slate-950 dark:text-sla..."
+                           >
-                           <section
-                             aria-label="Notifications alt+T"
-                             tabindex="-1"
-                             aria-live="polite"
-                             aria-relevant="additions text"
-                             aria-atomic="false"
-                           >
                    ...
        ...

    at <unknown> (https://react.dev/link/hydration-mismatch)
    at div (<anonymous>)
    at CreatorLayout (file://D:/webvocal/vocab-practice/frontend/.next/dev/static/chunks/_0_eb381._.js:1026:216)
[browser] Uncaught Error: Hydration failed because the server rendered HTML didn't match the client. As a result this tree will be regenerated on the client. This can happen if a SSR-ed Client Component used:

- A server/client branch `if (typeof window !== 'undefined')`.
- Variable input such as `Date.now()` or `Math.random()` which changes each time it's called.
- Date formatting in a user's locale which doesn't match the server.
- External changing data without sending a snapshot of it along with the HTML.
- Invalid HTML tag nesting.

It can also happen if the client has a browser extension installed which messes with the HTML before React loaded.

https://react.dev/link/hydration-mismatch

  ...
    <ScrollAndMaybeFocusHandler cacheNode={{rsc:{...}, ...}}>
      <InnerScrollAndFocusHandlerOld focusAndScrollRef={{scrollRef:null, ...}} cacheNode={{rsc:{...}, ...}}>
        <ErrorBoundary errorComponent={undefined} errorStyles={undefined} errorScripts={undefined}>
          <LoadingBoundary name="/" loading={null}>
            <HTTPAccessFallbackBoundary notFound={{...}} forbidden={undefined} unauthorized={undefined}>
              <HTTPAccessFallbackErrorBoundary pathname="/creator/d..." notFound={{...}} forbidden={undefined} ...>
                <RedirectBoundary>
                  <RedirectErrorBoundary router={{...}}>
                    <InnerLayoutRouter url="/creator/d..." tree={[...]} params={{}} cacheNode={{rsc:{...}, ...}} ...>
                      <SegmentViewNode type="layout" pagePath="creator/la...">
                        <SegmentTrieNode>
                        <script>
                        <script>
                        <ClientSegmentRoot Component={function CreatorLayout} slots={{children:{...}}} ...>
                          <CreatorLayout params={Promise}>
+                           <div
+                             className="flex min-h-screen bg-slate-100 text-slate-950 dark:bg-slate-950 dark:text-sla..."
+                           >
-                           <section
-                             aria-label="Notifications alt+T"
-                             tabindex="-1"
-                             aria-live="polite"
-                             aria-relevant="additions text"
-                             aria-atomic="false"
-                           >
                    ...
        ...

    at <unknown> (https://react.dev/link/hydration-mismatch)
    at div (<anonymous>)
    at CreatorLayout (file://D:/webvocal/vocab-practice/frontend/.next/dev/static/chunks/_0_eb381._.js:1026:216)
[browser] Uncaught Error: Hydration failed because the server rendered HTML didn't match the client. As a result this tree will be regenerated on the client. This can happen if a SSR-ed Client Component used:

- A server/client branch `if (typeof window !== 'undefined')`.
- Variable input such as `Date.now()` or `Math.random()` which changes each time it's called.
- Date formatting in a user's locale which doesn't match the server.
- External changing data without sending a snapshot of it along with the HTML.
- Invalid HTML tag nesting.

It can also happen if the client has a browser extension installed which messes with the HTML before React loaded.

https://react.dev/link/hydration-mismatch

  ...
    <ScrollAndMaybeFocusHandler cacheNode={{rsc:{...}, ...}}>
      <InnerScrollAndFocusHandlerOld focusAndScrollRef={{scrollRef:null, ...}} cacheNode={{rsc:{...}, ...}}>
        <ErrorBoundary errorComponent={undefined} errorStyles={undefined} errorScripts={undefined}>
          <LoadingBoundary name="/" loading={null}>
            <HTTPAccessFallbackBoundary notFound={{...}} forbidden={undefined} unauthorized={undefined}>
              <HTTPAccessFallbackErrorBoundary pathname="/creator/p..." notFound={{...}} forbidden={undefined} ...>
                <RedirectBoundary>
                  <RedirectErrorBoundary router={{...}}>
                    <InnerLayoutRouter url="/creator/p..." tree={[...]} params={{}} cacheNode={{rsc:{...}, ...}} ...>
                      <SegmentViewNode type="layout" pagePath="creator/la...">
                        <SegmentTrieNode>
                        <script>
                        <script>
                        <ClientSegmentRoot Component={function CreatorLayout} slots={{children:{...}}} ...>
                          <CreatorLayout params={Promise}>
+                           <div
+                             className="flex min-h-screen bg-slate-100 text-slate-950 dark:bg-slate-950 dark:text-sla..."
+                           >
-                           <section
-                             aria-label="Notifications alt+T"
-                             tabindex="-1"
-                             aria-live="polite"
-                             aria-relevant="additions text"
-                             aria-atomic="false"
-                           >
                    ...
        ...

    at <unknown> (https://react.dev/link/hydration-mismatch)
    at div (<anonymous>)
    at CreatorLayout (file://D:/webvocal/vocab-practice/frontend/.next/dev/static/chunks/_0_eb381._.js:1026:216)
[browser] Uncaught Error: Hydration failed because the server rendered HTML didn't match the client. As a result this tree will be regenerated on the client. This can happen if a SSR-ed Client Component used:

- A server/client branch `if (typeof window !== 'undefined')`.
- Variable input such as `Date.now()` or `Math.random()` which changes each time it's called.
- Date formatting in a user's locale which doesn't match the server.
- External changing data without sending a snapshot of it along with the HTML.
- Invalid HTML tag nesting.

It can also happen if the client has a browser extension installed which messes with the HTML before React loaded.

https://react.dev/link/hydration-mismatch

  ...
    <ScrollAndMaybeFocusHandler cacheNode={{rsc:{...}, ...}}>
      <InnerScrollAndFocusHandlerOld focusAndScrollRef={{scrollRef:null, ...}} cacheNode={{rsc:{...}, ...}}>
        <ErrorBoundary errorComponent={undefined} errorStyles={undefined} errorScripts={undefined}>
          <LoadingBoundary name="/" loading={null}>
            <HTTPAccessFallbackBoundary notFound={{...}} forbidden={undefined} unauthorized={undefined}>
              <HTTPAccessFallbackErrorBoundary pathname="/creator/r..." notFound={{...}} forbidden={undefined} ...>
                <RedirectBoundary>
                  <RedirectErrorBoundary router={{...}}>
                    <InnerLayoutRouter url="/creator/r..." tree={[...]} params={{}} cacheNode={{rsc:{...}, ...}} ...>
                      <SegmentViewNode type="layout" pagePath="creator/la...">
                        <SegmentTrieNode>
                        <script>
                        <script>
                        <ClientSegmentRoot Component={function CreatorLayout} slots={{children:{...}}} ...>
                          <CreatorLayout params={Promise}>
+                           <div
+                             className="flex min-h-screen bg-slate-100 text-slate-950 dark:bg-slate-950 dark:text-sla..."
+                           >
-                           <section
-                             aria-label="Notifications alt+T"
-                             tabindex="-1"
-                             aria-live="polite"
-                             aria-relevant="additions text"
-                             aria-atomic="false"
-                           >
                    ...
        ...

    at <unknown> (https://react.dev/link/hydration-mismatch)
    at div (<anonymous>)
    at CreatorLayout (file://D:/webvocal/vocab-practice/frontend/.next/dev/static/chunks/_0_eb381._.js:1026:216)
[browser] Uncaught Error: Hydration failed because the server rendered HTML didn't match the client. As a result this tree will be regenerated on the client. This can happen if a SSR-ed Client Component used:

- A server/client branch `if (typeof window !== 'undefined')`.
- Variable input such as `Date.now()` or `Math.random()` which changes each time it's called.
- Date formatting in a user's locale which doesn't match the server.
- External changing data without sending a snapshot of it along with the HTML.
- Invalid HTML tag nesting.

It can also happen if the client has a browser extension installed which messes with the HTML before React loaded.

https://react.dev/link/hydration-mismatch

  ...
    <ScrollAndMaybeFocusHandler cacheNode={{rsc:{...}, ...}}>
      <InnerScrollAndFocusHandlerOld focusAndScrollRef={{scrollRef:null, ...}} cacheNode={{rsc:{...}, ...}}>
        <ErrorBoundary errorComponent={undefined} errorStyles={undefined} errorScripts={undefined}>
          <LoadingBoundary name="/" loading={null}>
            <HTTPAccessFallbackBoundary notFound={{...}} forbidden={undefined} unauthorized={undefined}>
              <HTTPAccessFallbackErrorBoundary pathname="/creator/a..." notFound={{...}} forbidden={undefined} ...>
                <RedirectBoundary>
                  <RedirectErrorBoundary router={{...}}>
                    <InnerLayoutRouter url="/creator/a..." tree={[...]} params={{}} cacheNode={{rsc:{...}, ...}} ...>
                      <SegmentViewNode type="layout" pagePath="creator/la...">
                        <SegmentTrieNode>
                        <script>
                        <script>
                        <ClientSegmentRoot Component={function CreatorLayout} slots={{children:{...}}} ...>
                          <CreatorLayout params={Promise}>
+                           <div
+                             className="flex min-h-screen bg-slate-100 text-slate-950 dark:bg-slate-950 dark:text-sla..."
+                           >
-                           <section
-                             aria-label="Notifications alt+T"
-                             tabindex="-1"
-                             aria-live="polite"
-                             aria-relevant="additions text"
-                             aria-atomic="false"
-                           >
                    ...
        ...

    at <unknown> (https://react.dev/link/hydration-mismatch)
    at div (<anonymous>)
    at CreatorLayout (file://D:/webvocal/vocab-practice/frontend/.next/dev/static/chunks/_0_eb381._.js:1026:216)
[browser] Uncaught Error: Hydration failed because the server rendered HTML didn't match the client. As a result this tree will be regenerated on the client. This can happen if a SSR-ed Client Component used:

- A server/client branch `if (typeof window !== 'undefined')`.
- Variable input such as `Date.now()` or `Math.random()` which changes each time it's called.
- Date formatting in a user's locale which doesn't match the server.
- External changing data without sending a snapshot of it along with the HTML.
- Invalid HTML tag nesting.

It can also happen if the client has a browser extension installed which messes with the HTML before React loaded.

https://react.dev/link/hydration-mismatch

  ...
    <ScrollAndMaybeFocusHandler cacheNode={{rsc:{...}, ...}}>
      <InnerScrollAndFocusHandlerOld focusAndScrollRef={{scrollRef:null, ...}} cacheNode={{rsc:{...}, ...}}>
        <ErrorBoundary errorComponent={undefined} errorStyles={undefined} errorScripts={undefined}>
          <LoadingBoundary name="/" loading={null}>
            <HTTPAccessFallbackBoundary notFound={{...}} forbidden={undefined} unauthorized={undefined}>
              <HTTPAccessFallbackErrorBoundary pathname="/admin/das..." notFound={{...}} forbidden={undefined} ...>
                <RedirectBoundary>
                  <RedirectErrorBoundary router={{...}}>
                    <InnerLayoutRouter url="/admin/das..." tree={[...]} params={{}} cacheNode={{rsc:{...}, ...}} ...>
                      <SegmentViewNode type="layout" pagePath="admin/layo...">
                        <SegmentTrieNode>
                        <script>
                        <script>
                        <ClientSegmentRoot Component={function AdminLayout} slots={{children:{...}}} ...>
                          <AdminLayout params={Promise}>
+                           <div
+                             className="flex min-h-screen bg-slate-100 text-slate-950 dark:bg-slate-950 dark:text-sla..."
+                           >
-                           <section
-                             aria-label="Notifications alt+T"
-                             tabindex="-1"
-                             aria-live="polite"
-                             aria-relevant="additions text"
-                             aria-atomic="false"
-                           >
                    ...
        ...

    at <unknown> (https://react.dev/link/hydration-mismatch)
    at div (<anonymous>)
    at AdminLayout (file://D:/webvocal/vocab-practice/frontend/.next/dev/static/chunks/_0mtbz.e._.js:1038:216)
[browser] The width(-1) and height(-1) of chart should be greater than 0,
       please check the style of container, or the props width(100%) and height(100%),
       or add a minWidth(0) or minHeight(undefined) or use aspect(undefined) to control the
       height and width.
[browser] The width(-1) and height(-1) of chart should be greater than 0,
       please check the style of container, or the props width(100%) and height(100%),
       or add a minWidth(0) or minHeight(undefined) or use aspect(undefined) to control the
       height and width.
[browser] The width(-1) and height(-1) of chart should be greater than 0,
       please check the style of container, or the props width(100%) and height(100%),
       or add a minWidth(0) or minHeight(undefined) or use aspect(undefined) to control the
       height and width.
[browser] The width(-1) and height(-1) of chart should be greater than 0,
       please check the style of container, or the props width(100%) and height(100%),
       or add a minWidth(0) or minHeight(undefined) or use aspect(undefined) to control the
       height and width.
[browser] The width(-1) and height(-1) of chart should be greater than 0,
       please check the style of container, or the props width(100%) and height(100%),
       or add a minWidth(0) or minHeight(undefined) or use aspect(undefined) to control the
       height and width.
[browser] The width(-1) and height(-1) of chart should be greater than 0,
       please check the style of container, or the props width(100%) and height(100%),
       or add a minWidth(0) or minHeight(undefined) or use aspect(undefined) to control the
       height and width.
[browser] Uncaught Error: Hydration failed because the server rendered HTML didn't match the client. As a result this tree will be regenerated on the client. This can happen if a SSR-ed Client Component used:

- A server/client branch `if (typeof window !== 'undefined')`.
- Variable input such as `Date.now()` or `Math.random()` which changes each time it's called.
- Date formatting in a user's locale which doesn't match the server.
- External changing data without sending a snapshot of it along with the HTML.
- Invalid HTML tag nesting.

It can also happen if the client has a browser extension installed which messes with the HTML before React loaded.

https://react.dev/link/hydration-mismatch

  ...
    <ScrollAndMaybeFocusHandler cacheNode={{rsc:{...}, ...}}>
      <InnerScrollAndFocusHandlerOld focusAndScrollRef={{scrollRef:null, ...}} cacheNode={{rsc:{...}, ...}}>
        <ErrorBoundary errorComponent={undefined} errorStyles={undefined} errorScripts={undefined}>
          <LoadingBoundary name="/" loading={null}>
            <HTTPAccessFallbackBoundary notFound={{...}} forbidden={undefined} unauthorized={undefined}>
              <HTTPAccessFallbackErrorBoundary pathname="/admin/stu..." notFound={{...}} forbidden={undefined} ...>
                <RedirectBoundary>
                  <RedirectErrorBoundary router={{...}}>
                    <InnerLayoutRouter url="/admin/stu..." tree={[...]} params={{}} cacheNode={{rsc:{...}, ...}} ...>
                      <SegmentViewNode type="layout" pagePath="admin/layo...">
                        <SegmentTrieNode>
                        <script>
                        <script>
                        <ClientSegmentRoot Component={function AdminLayout} slots={{children:{...}}} ...>
                          <AdminLayout params={Promise}>
+                           <div
+                             className="flex min-h-screen bg-slate-100 text-slate-950 dark:bg-slate-950 dark:text-sla..."
+                           >
-                           <section
-                             aria-label="Notifications alt+T"
-                             tabindex="-1"
-                             aria-live="polite"
-                             aria-relevant="additions text"
-                             aria-atomic="false"
-                           >
                    ...
        ...

    at <unknown> (https://react.dev/link/hydration-mismatch)
    at div (<anonymous>)
    at AdminLayout (file://D:/webvocal/vocab-practice/frontend/.next/dev/static/chunks/_0mtbz.e._.js:1038:216)
[browser] Uncaught Error: Hydration failed because the server rendered HTML didn't match the client. As a result this tree will be regenerated on the client. This can happen if a SSR-ed Client Component used:

- A server/client branch `if (typeof window !== 'undefined')`.
- Variable input such as `Date.now()` or `Math.random()` which changes each time it's called.
- Date formatting in a user's locale which doesn't match the server.
- External changing data without sending a snapshot of it along with the HTML.
- Invalid HTML tag nesting.

It can also happen if the client has a browser extension installed which messes with the HTML before React loaded.

https://react.dev/link/hydration-mismatch

  ...
    <ScrollAndMaybeFocusHandler cacheNode={{rsc:{...}, ...}}>
      <InnerScrollAndFocusHandlerOld focusAndScrollRef={{scrollRef:null, ...}} cacheNode={{rsc:{...}, ...}}>
        <ErrorBoundary errorComponent={undefined} errorStyles={undefined} errorScripts={undefined}>
          <LoadingBoundary name="/" loading={null}>
            <HTTPAccessFallbackBoundary notFound={{...}} forbidden={undefined} unauthorized={undefined}>
              <HTTPAccessFallbackErrorBoundary pathname="/admin/cou..." notFound={{...}} forbidden={undefined} ...>
                <RedirectBoundary>
                  <RedirectErrorBoundary router={{...}}>
                    <InnerLayoutRouter url="/admin/cou..." tree={[...]} params={{}} cacheNode={{rsc:{...}, ...}} ...>
                      <SegmentViewNode type="layout" pagePath="admin/layo...">
                        <SegmentTrieNode>
                        <script>
                        <script>
                        <ClientSegmentRoot Component={function AdminLayout} slots={{children:{...}}} ...>
                          <AdminLayout params={Promise}>
+                           <div
+                             className="flex min-h-screen bg-slate-100 text-slate-950 dark:bg-slate-950 dark:text-sla..."
+                           >
-                           <section
-                             aria-label="Notifications alt+T"
-                             tabindex="-1"
-                             aria-live="polite"
-                             aria-relevant="additions text"
-                             aria-atomic="false"
-                           >
                    ...
        ...

    at <unknown> (https://react.dev/link/hydration-mismatch)
    at div (<anonymous>)
    at AdminLayout (file://D:/webvocal/vocab-practice/frontend/.next/dev/static/chunks/_0mtbz.e._.js:1038:216)
[browser] Uncaught Error: Hydration failed because the server rendered HTML didn't match the client. As a result this tree will be regenerated on the client. This can happen if a SSR-ed Client Component used:

- A server/client branch `if (typeof window !== 'undefined')`.
- Variable input such as `Date.now()` or `Math.random()` which changes each time it's called.
- Date formatting in a user's locale which doesn't match the server.
- External changing data without sending a snapshot of it along with the HTML.
- Invalid HTML tag nesting.

It can also happen if the client has a browser extension installed which messes with the HTML before React loaded.

https://react.dev/link/hydration-mismatch

  ...
    <ScrollAndMaybeFocusHandler cacheNode={{rsc:{...}, ...}}>
      <InnerScrollAndFocusHandlerOld focusAndScrollRef={{scrollRef:null, ...}} cacheNode={{rsc:{...}, ...}}>
        <ErrorBoundary errorComponent={undefined} errorStyles={undefined} errorScripts={undefined}>
          <LoadingBoundary name="/" loading={null}>
            <HTTPAccessFallbackBoundary notFound={{...}} forbidden={undefined} unauthorized={undefined}>
              <HTTPAccessFallbackErrorBoundary pathname="/admin/con..." notFound={{...}} forbidden={undefined} ...>
                <RedirectBoundary>
                  <RedirectErrorBoundary router={{...}}>
                    <InnerLayoutRouter url="/admin/con..." tree={[...]} params={{}} cacheNode={{rsc:{...}, ...}} ...>
                      <SegmentViewNode type="layout" pagePath="admin/layo...">
                        <SegmentTrieNode>
                        <script>
                        <script>
                        <ClientSegmentRoot Component={function AdminLayout} slots={{children:{...}}} ...>
                          <AdminLayout params={Promise}>
+                           <div
+                             className="flex min-h-screen bg-slate-100 text-slate-950 dark:bg-slate-950 dark:text-sla..."
+                           >
-                           <section
-                             aria-label="Notifications alt+T"
-                             tabindex="-1"
-                             aria-live="polite"
-                             aria-relevant="additions text"
-                             aria-atomic="false"
-                           >
                    ...
        ...

    at <unknown> (https://react.dev/link/hydration-mismatch)
    at div (<anonymous>)
    at AdminLayout (file://D:/webvocal/vocab-practice/frontend/.next/dev/static/chunks/_0mtbz.e._.js:1038:216)
[browser] Uncaught Error: Hydration failed because the server rendered HTML didn't match the client. As a result this tree will be regenerated on the client. This can happen if a SSR-ed Client Component used:

- A server/client branch `if (typeof window !== 'undefined')`.
- Variable input such as `Date.now()` or `Math.random()` which changes each time it's called.
- Date formatting in a user's locale which doesn't match the server.
- External changing data without sending a snapshot of it along with the HTML.
- Invalid HTML tag nesting.

It can also happen if the client has a browser extension installed which messes with the HTML before React loaded.

https://react.dev/link/hydration-mismatch

  ...
    <ScrollAndMaybeFocusHandler cacheNode={{rsc:{...}, ...}}>
      <InnerScrollAndFocusHandlerOld focusAndScrollRef={{scrollRef:null, ...}} cacheNode={{rsc:{...}, ...}}>
        <ErrorBoundary errorComponent={undefined} errorStyles={undefined} errorScripts={undefined}>
          <LoadingBoundary name="/" loading={null}>
            <HTTPAccessFallbackBoundary notFound={{...}} forbidden={undefined} unauthorized={undefined}>
              <HTTPAccessFallbackErrorBoundary pathname="/admin/rep..." notFound={{...}} forbidden={undefined} ...>
                <RedirectBoundary>
                  <RedirectErrorBoundary router={{...}}>
                    <InnerLayoutRouter url="/admin/rep..." tree={[...]} params={{}} cacheNode={{rsc:{...}, ...}} ...>
                      <SegmentViewNode type="layout" pagePath="admin/layo...">
                        <SegmentTrieNode>
                        <script>
                        <script>
                        <ClientSegmentRoot Component={function AdminLayout} slots={{children:{...}}} ...>
                          <AdminLayout params={Promise}>
+                           <div
+                             className="flex min-h-screen bg-slate-100 text-slate-950 dark:bg-slate-950 dark:text-sla..."
+                           >
-                           <section
-                             aria-label="Notifications alt+T"
-                             tabindex="-1"
-                             aria-live="polite"
-                             aria-relevant="additions text"
-                             aria-atomic="false"
-                           >
                    ...
        ...

    at <unknown> (https://react.dev/link/hydration-mismatch)
    at div (<anonymous>)
    at AdminLayout (file://D:/webvocal/vocab-practice/frontend/.next/dev/static/chunks/_0mtbz.e._.js:1038:216)
[browser] Uncaught Error: Hydration failed because the server rendered HTML didn't match the client. As a result this tree will be regenerated on the client. This can happen if a SSR-ed Client Component used:

- A server/client branch `if (typeof window !== 'undefined')`.
- Variable input such as `Date.now()` or `Math.random()` which changes each time it's called.
- Date formatting in a user's locale which doesn't match the server.
- External changing data without sending a snapshot of it along with the HTML.
- Invalid HTML tag nesting.

It can also happen if the client has a browser extension installed which messes with the HTML before React loaded.

https://react.dev/link/hydration-mismatch

  ...
    <ScrollAndMaybeFocusHandler cacheNode={{rsc:{...}, ...}}>
      <InnerScrollAndFocusHandlerOld focusAndScrollRef={{scrollRef:null, ...}} cacheNode={{rsc:{...}, ...}}>
        <ErrorBoundary errorComponent={undefined} errorStyles={undefined} errorScripts={undefined}>
          <LoadingBoundary name="/" loading={null}>
            <HTTPAccessFallbackBoundary notFound={{...}} forbidden={undefined} unauthorized={undefined}>
              <HTTPAccessFallbackErrorBoundary pathname="/admin/top..." notFound={{...}} forbidden={undefined} ...>
                <RedirectBoundary>
                  <RedirectErrorBoundary router={{...}}>
                    <InnerLayoutRouter url="/admin/top..." tree={[...]} params={{}} cacheNode={{rsc:{...}, ...}} ...>
                      <SegmentViewNode type="layout" pagePath="admin/layo...">
                        <SegmentTrieNode>
                        <script>
                        <script>
                        <ClientSegmentRoot Component={function AdminLayout} slots={{children:{...}}} ...>
                          <AdminLayout params={Promise}>
+                           <div
+                             className="flex min-h-screen bg-slate-100 text-slate-950 dark:bg-slate-950 dark:text-sla..."
+                           >
-                           <section
-                             aria-label="Notifications alt+T"
-                             tabindex="-1"
-                             aria-live="polite"
-                             aria-relevant="additions text"
-                             aria-atomic="false"
-                           >
                    ...
        ...

    at <unknown> (https://react.dev/link/hydration-mismatch)
    at div (<anonymous>)
    at AdminLayout (file://D:/webvocal/vocab-practice/frontend/.next/dev/static/chunks/_0mtbz.e._.js:1038:216)
[browser] Uncaught Error: Hydration failed because the server rendered HTML didn't match the client. As a result this tree will be regenerated on the client. This can happen if a SSR-ed Client Component used:

- A server/client branch `if (typeof window !== 'undefined')`.
- Variable input such as `Date.now()` or `Math.random()` which changes each time it's called.
- Date formatting in a user's locale which doesn't match the server.
- External changing data without sending a snapshot of it along with the HTML.
- Invalid HTML tag nesting.

It can also happen if the client has a browser extension installed which messes with the HTML before React loaded.

https://react.dev/link/hydration-mismatch

  ...
    <ScrollAndMaybeFocusHandler cacheNode={{rsc:{...}, ...}}>
      <InnerScrollAndFocusHandlerOld focusAndScrollRef={{scrollRef:null, ...}} cacheNode={{rsc:{...}, ...}}>
        <ErrorBoundary errorComponent={undefined} errorStyles={undefined} errorScripts={undefined}>
          <LoadingBoundary name="/" loading={null}>
            <HTTPAccessFallbackBoundary notFound={{...}} forbidden={undefined} unauthorized={undefined}>
              <HTTPAccessFallbackErrorBoundary pathname="/admin/ana..." notFound={{...}} forbidden={undefined} ...>
                <RedirectBoundary>
                  <RedirectErrorBoundary router={{...}}>
                    <InnerLayoutRouter url="/admin/ana..." tree={[...]} params={{}} cacheNode={{rsc:{...}, ...}} ...>
                      <SegmentViewNode type="layout" pagePath="admin/layo...">
                        <SegmentTrieNode>
                        <script>
                        <script>
                        <ClientSegmentRoot Component={function AdminLayout} slots={{children:{...}}} ...>
                          <AdminLayout params={Promise}>
+                           <div
+                             className="flex min-h-screen bg-slate-100 text-slate-950 dark:bg-slate-950 dark:text-sla..."
+                           >
-                           <section
-                             aria-label="Notifications alt+T"
-                             tabindex="-1"
-                             aria-live="polite"
-                             aria-relevant="additions text"
-                             aria-atomic="false"
-                           >
                    ...
        ...

    at <unknown> (https://react.dev/link/hydration-mismatch)
    at div (<anonymous>)
    at AdminLayout (file://D:/webvocal/vocab-practice/frontend/.next/dev/static/chunks/_0mtbz.e._.js:1038:216)
[browser] The width(-1) and height(-1) of chart should be greater than 0,
       please check the style of container, or the props width(100%) and height(100%),
       or add a minWidth(0) or minHeight(undefined) or use aspect(undefined) to control the
       height and width.
[browser] The width(-1) and height(-1) of chart should be greater than 0,
       please check the style of container, or the props width(100%) and height(100%),
       or add a minWidth(0) or minHeight(undefined) or use aspect(undefined) to control the
       height and width.
[browser] The width(-1) and height(-1) of chart should be greater than 0,
       please check the style of container, or the props width(100%) and height(100%),
       or add a minWidth(0) or minHeight(undefined) or use aspect(undefined) to control the
       height and width.
[browser] The width(-1) and height(-1) of chart should be greater than 0,
       please check the style of container, or the props width(100%) and height(100%),
       or add a minWidth(0) or minHeight(undefined) or use aspect(undefined) to control the
       height and width.
[browser] The width(-1) and height(-1) of chart should be greater than 0,
       please check the style of container, or the props width(100%) and height(100%),
       or add a minWidth(0) or minHeight(undefined) or use aspect(undefined) to control the
       height and width.
[browser] The width(-1) and height(-1) of chart should be greater than 0,
       please check the style of container, or the props width(100%) and height(100%),
       or add a minWidth(0) or minHeight(undefined) or use aspect(undefined) to control the
       height and width.
[browser] Uncaught Error: Hydration failed because the server rendered HTML didn't match the client. As a result this tree will be regenerated on the client. This can happen if a SSR-ed Client Component used:

- A server/client branch `if (typeof window !== 'undefined')`.
- Variable input such as `Date.now()` or `Math.random()` which changes each time it's called.
- Date formatting in a user's locale which doesn't match the server.
- External changing data without sending a snapshot of it along with the HTML.
- Invalid HTML tag nesting.

It can also happen if the client has a browser extension installed which messes with the HTML before React loaded.

https://react.dev/link/hydration-mismatch

  ...
    <ScrollAndMaybeFocusHandler cacheNode={{rsc:{...}, ...}}>
      <InnerScrollAndFocusHandlerOld focusAndScrollRef={{scrollRef:null, ...}} cacheNode={{rsc:{...}, ...}}>
        <ErrorBoundary errorComponent={undefined} errorStyles={undefined} errorScripts={undefined}>
          <LoadingBoundary name="/" loading={null}>
            <HTTPAccessFallbackBoundary notFound={{...}} forbidden={undefined} unauthorized={undefined}>
              <HTTPAccessFallbackErrorBoundary pathname="/admin/aud..." notFound={{...}} forbidden={undefined} ...>
                <RedirectBoundary>
                  <RedirectErrorBoundary router={{...}}>
                    <InnerLayoutRouter url="/admin/aud..." tree={[...]} params={{}} cacheNode={{rsc:{...}, ...}} ...>
                      <SegmentViewNode type="layout" pagePath="admin/layo...">
                        <SegmentTrieNode>
                        <script>
                        <script>
                        <ClientSegmentRoot Component={function AdminLayout} slots={{children:{...}}} ...>
                          <AdminLayout params={Promise}>
+                           <div
+                             className="flex min-h-screen bg-slate-100 text-slate-950 dark:bg-slate-950 dark:text-sla..."
+                           >
-                           <section
-                             aria-label="Notifications alt+T"
-                             tabindex="-1"
-                             aria-live="polite"
-                             aria-relevant="additions text"
-                             aria-atomic="false"
-                           >
                    ...
        ...

    at <unknown> (https://react.dev/link/hydration-mismatch)
    at div (<anonymous>)
    at AdminLayout (file://D:/webvocal/vocab-practice/frontend/.next/dev/static/chunks/_0mtbz.e._.js:1038:216)
[browser] Uncaught Error: Hydration failed because the server rendered HTML didn't match the client. As a result this tree will be regenerated on the client. This can happen if a SSR-ed Client Component used:

- A server/client branch `if (typeof window !== 'undefined')`.
- Variable input such as `Date.now()` or `Math.random()` which changes each time it's called.
- Date formatting in a user's locale which doesn't match the server.
- External changing data without sending a snapshot of it along with the HTML.
- Invalid HTML tag nesting.

It can also happen if the client has a browser extension installed which messes with the HTML before React loaded.

https://react.dev/link/hydration-mismatch

  ...
    <ScrollAndMaybeFocusHandler cacheNode={{rsc:{...}, ...}}>
      <InnerScrollAndFocusHandlerOld focusAndScrollRef={{scrollRef:null, ...}} cacheNode={{rsc:{...}, ...}}>
        <ErrorBoundary errorComponent={undefined} errorStyles={undefined} errorScripts={undefined}>
          <LoadingBoundary name="/" loading={null}>
            <HTTPAccessFallbackBoundary notFound={{...}} forbidden={undefined} unauthorized={undefined}>
              <HTTPAccessFallbackErrorBoundary pathname="/admin/not..." notFound={{...}} forbidden={undefined} ...>
                <RedirectBoundary>
                  <RedirectErrorBoundary router={{...}}>
                    <InnerLayoutRouter url="/admin/not..." tree={[...]} params={{}} cacheNode={{rsc:{...}, ...}} ...>
                      <SegmentViewNode type="layout" pagePath="admin/layo...">
                        <SegmentTrieNode>
                        <script>
                        <script>
                        <ClientSegmentRoot Component={function AdminLayout} slots={{children:{...}}} ...>
                          <AdminLayout params={Promise}>
+                           <div
+                             className="flex min-h-screen bg-slate-100 text-slate-950 dark:bg-slate-950 dark:text-sla..."
+                           >
-                           <section
-                             aria-label="Notifications alt+T"
-                             tabindex="-1"
-                             aria-live="polite"
-                             aria-relevant="additions text"
-                             aria-atomic="false"
-                           >
                    ...
        ...

    at <unknown> (https://react.dev/link/hydration-mismatch)
    at div (<anonymous>)
    at AdminLayout (file://D:/webvocal/vocab-practice/frontend/.next/dev/static/chunks/_0mtbz.e._.js:1038:216)
[browser] Uncaught Error: Hydration failed because the server rendered HTML didn't match the client. As a result this tree will be regenerated on the client. This can happen if a SSR-ed Client Component used:

- A server/client branch `if (typeof window !== 'undefined')`.
- Variable input such as `Date.now()` or `Math.random()` which changes each time it's called.
- Date formatting in a user's locale which doesn't match the server.
- External changing data without sending a snapshot of it along with the HTML.
- Invalid HTML tag nesting.

It can also happen if the client has a browser extension installed which messes with the HTML before React loaded.

https://react.dev/link/hydration-mismatch

  ...
    <ScrollAndMaybeFocusHandler cacheNode={{rsc:{...}, ...}}>
      <InnerScrollAndFocusHandlerOld focusAndScrollRef={{scrollRef:null, ...}} cacheNode={{rsc:{...}, ...}}>
        <ErrorBoundary errorComponent={undefined} errorStyles={undefined} errorScripts={undefined}>
          <LoadingBoundary name="/" loading={null}>
            <HTTPAccessFallbackBoundary notFound={{...}} forbidden={undefined} unauthorized={undefined}>
              <HTTPAccessFallbackErrorBoundary pathname="/admin/words" notFound={{...}} forbidden={undefined} ...>
                <RedirectBoundary>
                  <RedirectErrorBoundary router={{...}}>
                    <InnerLayoutRouter url="/admin/words" tree={[...]} params={{}} cacheNode={{rsc:{...}, ...}} ...>
                      <SegmentViewNode type="layout" pagePath="admin/layo...">
                        <SegmentTrieNode>
                        <script>
                        <script>
                        <ClientSegmentRoot Component={function AdminLayout} slots={{children:{...}}} ...>
                          <AdminLayout params={Promise}>
+                           <div
+                             className="flex min-h-screen bg-slate-100 text-slate-950 dark:bg-slate-950 dark:text-sla..."
+                           >
-                           <section
-                             aria-label="Notifications alt+T"
-                             tabindex="-1"
-                             aria-live="polite"
-                             aria-relevant="additions text"
-                             aria-atomic="false"
-                           >
                    ...
        ...

    at <unknown> (https://react.dev/link/hydration-mismatch)
    at div (<anonymous>)
    at AdminLayout (file://D:/webvocal/vocab-practice/frontend/.next/dev/static/chunks/_0mtbz.e._.js:1038:216)
[browser] Uncaught Error: Hydration failed because the server rendered HTML didn't match the client. As a result this tree will be regenerated on the client. This can happen if a SSR-ed Client Component used:

- A server/client branch `if (typeof window !== 'undefined')`.
- Variable input such as `Date.now()` or `Math.random()` which changes each time it's called.
- Date formatting in a user's locale which doesn't match the server.
- External changing data without sending a snapshot of it along with the HTML.
- Invalid HTML tag nesting.

It can also happen if the client has a browser extension installed which messes with the HTML before React loaded.

https://react.dev/link/hydration-mismatch

  ...
    <ScrollAndMaybeFocusHandler cacheNode={{rsc:{...}, ...}}>
      <InnerScrollAndFocusHandlerOld focusAndScrollRef={{scrollRef:null, ...}} cacheNode={{rsc:{...}, ...}}>
        <ErrorBoundary errorComponent={undefined} errorStyles={undefined} errorScripts={undefined}>
          <LoadingBoundary name="/" loading={null}>
            <HTTPAccessFallbackBoundary notFound={{...}} forbidden={undefined} unauthorized={undefined}>
              <HTTPAccessFallbackErrorBoundary pathname="/admin/que..." notFound={{...}} forbidden={undefined} ...>
                <RedirectBoundary>
                  <RedirectErrorBoundary router={{...}}>
                    <InnerLayoutRouter url="/admin/que..." tree={[...]} params={{}} cacheNode={{rsc:{...}, ...}} ...>
                      <SegmentViewNode type="layout" pagePath="admin/layo...">
                        <SegmentTrieNode>
                        <script>
                        <script>
                        <ClientSegmentRoot Component={function AdminLayout} slots={{children:{...}}} ...>
                          <AdminLayout params={Promise}>
+                           <div
+                             className="flex min-h-screen bg-slate-100 text-slate-950 dark:bg-slate-950 dark:text-sla..."
+                           >
-                           <section
-                             aria-label="Notifications alt+T"
-                             tabindex="-1"
-                             aria-live="polite"
-                             aria-relevant="additions text"
-                             aria-atomic="false"
-                           >
                    ...
        ...

    at <unknown> (https://react.dev/link/hydration-mismatch)
    at div (<anonymous>)
    at AdminLayout (file://D:/webvocal/vocab-practice/frontend/.next/dev/static/chunks/_0mtbz.e._.js:1038:216)
[browser] Uncaught Error: Hydration failed because the server rendered HTML didn't match the client. As a result this tree will be regenerated on the client. This can happen if a SSR-ed Client Component used:

- A server/client branch `if (typeof window !== 'undefined')`.
- Variable input such as `Date.now()` or `Math.random()` which changes each time it's called.
- Date formatting in a user's locale which doesn't match the server.
- External changing data without sending a snapshot of it along with the HTML.
- Invalid HTML tag nesting.

It can also happen if the client has a browser extension installed which messes with the HTML before React loaded.

https://react.dev/link/hydration-mismatch

  ...
    <ScrollAndMaybeFocusHandler cacheNode={{rsc:{...}, ...}}>
      <InnerScrollAndFocusHandlerOld focusAndScrollRef={{scrollRef:null, ...}} cacheNode={{rsc:{...}, ...}}>
        <ErrorBoundary errorComponent={undefined} errorStyles={undefined} errorScripts={undefined}>
          <LoadingBoundary name="/" loading={null}>
            <HTTPAccessFallbackBoundary notFound={{...}} forbidden={undefined} unauthorized={undefined}>
              <HTTPAccessFallbackErrorBoundary pathname="/admin/min..." notFound={{...}} forbidden={undefined} ...>
                <RedirectBoundary>
                  <RedirectErrorBoundary router={{...}}>
                    <InnerLayoutRouter url="/admin/min..." tree={[...]} params={{}} cacheNode={{rsc:{...}, ...}} ...>
                      <SegmentViewNode type="layout" pagePath="admin/layo...">
                        <SegmentTrieNode>
                        <script>
                        <script>
                        <ClientSegmentRoot Component={function AdminLayout} slots={{children:{...}}} ...>
                          <AdminLayout params={Promise}>
+                           <div
+                             className="flex min-h-screen bg-slate-100 text-slate-950 dark:bg-slate-950 dark:text-sla..."
+                           >
-                           <section
-                             aria-label="Notifications alt+T"
-                             tabindex="-1"
-                             aria-live="polite"
-                             aria-relevant="additions text"
-                             aria-atomic="false"
-                           >
                    ...
        ...

    at <unknown> (https://react.dev/link/hydration-mismatch)
    at div (<anonymous>)
    at AdminLayout (file://D:/webvocal/vocab-practice/frontend/.next/dev/static/chunks/_0mtbz.e._.js:1038:216)
