◇ injected env (9) from .env // tip: ⌘ custom filepath { path: '/custom/path/.env' }
◇ injected env (0) from .env // tip: ◈ encrypted .env [www.dotenvx.com]
Connecting DB: {
  server: 'TUNGLAI',
  instance: null,
  port: null,
  database: 'ToeicVocabularyPlatform',
  auth: 'windows'
}
Attempting to start server...
Server successfully started on port 3001
DB Connected
[2026-06-21T16:48:57.960Z] GET /api/health
[2026-06-21T16:49:42.263Z] GET /api/user/notifications?limit=1
[2026-06-21T16:49:42.330Z] GET /api/user/notifications?limit=1
[2026-06-21T16:49:42.353Z] GET /api/user/notifications?limit=1
[2026-06-21T16:49:42.392Z] GET /api/user/notifications?limit=1
[2026-06-21T16:49:42.411Z] GET /api/user/flashcards?mode=new
[2026-06-21T16:49:42.420Z] GET /api/user/stats
[2026-06-21T16:49:42.498Z] GET /api/user/activity/heatmap?year=2026
[2026-06-21T16:49:42.505Z] GET /api/user/goals/daily-progress
[2026-06-21T16:49:42.517Z] GET /api/user/goals/daily-goal
[2026-06-21T16:49:42.524Z] GET /api/user/review/session-summary
[2026-06-21T16:49:42.557Z] GET /api/user/review/smart-queue?limit=50
[2026-06-21T16:49:42.564Z] GET /api/user/minitests?page=1&pageSize=1
[2026-06-21T16:49:42.612Z] GET /api/user/learning-path
[2026-06-21T16:49:48.056Z] GET /api/user/notifications?limit=1
[2026-06-21T16:49:48.059Z] GET /api/user/notifications?limit=1
[2026-06-21T16:49:48.060Z] GET /api/user/notifications?limit=1
[2026-06-21T16:49:48.067Z] GET /api/user/notifications?limit=1
[2026-06-21T16:49:48.078Z] GET /api/user/learning-path
[2026-06-21T16:49:52.963Z] GET /api/user/notifications?limit=1
[2026-06-21T16:49:52.968Z] GET /api/user/notifications?limit=1
[2026-06-21T16:49:52.970Z] GET /api/user/notifications?limit=1
[2026-06-21T16:49:52.978Z] GET /api/user/notifications?limit=1
[2026-06-21T16:49:52.989Z] GET /api/user/learning-path
[2026-06-21T16:50:03.065Z] GET /api/user/notifications?limit=1
[2026-06-21T16:50:03.070Z] GET /api/user/notifications?limit=1
[2026-06-21T16:50:03.073Z] GET /api/user/minitests?page=1&pageSize=12
[2026-06-21T16:50:03.077Z] GET /api/user/notifications?limit=1
[2026-06-21T16:50:03.079Z] GET /api/user/notifications?limit=1
[2026-06-21T16:50:03.090Z] GET /api/user/minitests?page=1&pageSize=12
[2026-06-21T16:50:08.289Z] GET /api/user/notifications?limit=1
[2026-06-21T16:50:08.301Z] GET /api/user/notifications?limit=1
[2026-06-21T16:50:08.308Z] GET /api/user/notebook?page=1&pageSize=20
[2026-06-21T16:50:08.316Z] GET /api/user/notifications?limit=1
[2026-06-21T16:50:08.335Z] GET /api/user/notifications?limit=1
[2026-06-21T16:50:08.345Z] GET /api/user/notebook?page=1&pageSize=20
[2026-06-21T16:50:12.443Z] GET /api/user/gamification/profile
[2026-06-21T16:50:12.686Z] GET /api/user/notifications?limit=1
[2026-06-21T16:50:12.689Z] GET /api/user/notifications?limit=1
[2026-06-21T16:50:12.698Z] GET /api/user/notifications?limit=1
[2026-06-21T16:50:12.700Z] GET /api/user/notifications?limit=1
[2026-06-21T16:50:17.553Z] GET /api/user/notifications?limit=1
[2026-06-21T16:50:17.556Z] GET /api/user/notifications?limit=1
[2026-06-21T16:50:17.557Z] GET /api/user/notifications?limit=1
[2026-06-21T16:50:17.564Z] GET /api/user/notifications?limit=1
[2026-06-21T16:50:17.567Z] GET /api/user/progress/analytics
[2026-06-21T16:50:22.788Z] GET /api/user/notifications?limit=1
[2026-06-21T16:50:22.793Z] GET /api/user/notifications?limit=1
[2026-06-21T16:50:22.796Z] GET /api/user/goals/daily-goal
[2026-06-21T16:50:22.808Z] GET /api/user/notifications?limit=1
[2026-06-21T16:50:22.815Z] GET /api/user/notifications?limit=1
[2026-06-21T16:50:22.818Z] GET /api/user/goals/daily-goal
[2026-06-21T16:50:28.969Z] GET /api/creator/dashboard
[2026-06-21T16:50:28.975Z] GET /api/creator/dashboard
[2026-06-21T16:50:28.981Z] GET /api/creator/content-summary
[2026-06-21T16:50:28.986Z] GET /api/creator/content-summary
[2026-06-21T16:50:34.974Z] GET /api/creator/topics
[2026-06-21T16:50:34.980Z] GET /api/creator/topics
[2026-06-21T16:50:34.983Z] GET /api/creator/topic-categories
[2026-06-21T16:50:34.989Z] GET /api/creator/topic-categories
[2026-06-21T16:50:39.564Z] GET /api/creator/words
[2026-06-21T16:50:39.571Z] GET /api/creator/words
[2026-06-21T16:50:43.982Z] GET /api/creator/questions
[2026-06-21T16:50:43.989Z] GET /api/creator/questions
[2026-06-21T16:50:48.490Z] GET /api/creator/mini-tests
[2026-06-21T16:50:48.495Z] GET /api/creator/mini-tests
[2026-06-21T16:50:57.576Z] GET /api/creator/topics?status=Draft
[2026-06-21T16:50:57.579Z] GET /api/creator/words?status=Draft
[2026-06-21T16:50:57.584Z] GET /api/creator/questions?status=Draft
[2026-06-21T16:50:57.588Z] GET /api/creator/mini-tests?status=Draft
[2026-06-21T16:50:57.595Z] GET /api/creator/topics?status=Draft
[2026-06-21T16:50:57.614Z] GET /api/creator/words?status=Draft
[2026-06-21T16:50:57.646Z] GET /api/creator/questions?status=Draft
[2026-06-21T16:50:57.650Z] GET /api/creator/mini-tests?status=Draft
[2026-06-21T16:51:02.084Z] GET /api/creator/topics?status=PendingReview
[2026-06-21T16:51:02.088Z] GET /api/creator/words?status=PendingReview
[2026-06-21T16:51:02.093Z] GET /api/creator/questions?status=PendingReview
[2026-06-21T16:51:02.096Z] GET /api/creator/topics?status=PendingReview
[2026-06-21T16:51:02.098Z] GET /api/creator/mini-tests?status=PendingReview
[2026-06-21T16:51:02.109Z] GET /api/creator/words?status=PendingReview
[2026-06-21T16:51:04.054Z] GET /api/creator/questions?status=PendingReview
[2026-06-21T16:51:04.068Z] GET /api/creator/mini-tests?status=PendingReview
[2026-06-21T16:51:06.955Z] GET /api/creator/topics?status=Rejected
[2026-06-21T16:51:06.961Z] GET /api/creator/words?status=Rejected
[2026-06-21T16:51:06.983Z] GET /api/creator/questions?status=Rejected
[2026-06-21T16:51:07.004Z] GET /api/creator/mini-tests?status=Rejected
[2026-06-21T16:51:07.017Z] GET /api/creator/topics?status=Rejected
[2026-06-21T16:51:07.028Z] GET /api/creator/words?status=Rejected
[2026-06-21T16:51:07.091Z] GET /api/creator/questions?status=Rejected
[2026-06-21T16:51:07.096Z] GET /api/creator/mini-tests?status=Rejected
[2026-06-21T16:51:11.544Z] GET /api/creator/content-summary
[2026-06-21T16:51:11.551Z] GET /api/creator/content-summary
[2026-06-21T16:51:18.583Z] GET /api/user/notifications?limit=1
[2026-06-21T16:51:18.598Z] GET /api/admin/stats
[2026-06-21T16:51:18.610Z] GET /api/user/notifications?limit=1
[2026-06-21T16:51:18.620Z] GET /api/admin/stats
[2026-06-21T16:51:24.654Z] GET /api/user/notifications?limit=1
[2026-06-21T16:51:24.660Z] GET /api/user/notifications?limit=1
[2026-06-21T16:51:24.665Z] GET /api/admin/students?page=1&limit=10
[2026-06-21T16:51:24.669Z] GET /api/admin/students?page=1&limit=10
[2026-06-21T16:51:29.414Z] GET /api/user/notifications?limit=1
[2026-06-21T16:51:29.417Z] GET /api/user/notifications?limit=1
[2026-06-21T16:51:29.419Z] GET /api/admin/content-management
[2026-06-21T16:51:29.428Z] GET /api/admin/content-management
[2026-06-21T16:51:34.164Z] GET /api/admin/content-review/pending
[2026-06-21T16:51:34.169Z] GET /api/user/notifications?limit=1
[2026-06-21T16:51:34.171Z] GET /api/admin/content-review/pending
[2026-06-21T16:51:34.175Z] GET /api/user/notifications?limit=1
[2026-06-21T16:51:39.302Z] GET /api/user/notifications?limit=1
[2026-06-21T16:51:39.306Z] GET /api/user/notifications?limit=1
[2026-06-21T16:51:39.311Z] GET /api/admin/reports?page=1&limit=20
[2026-06-21T16:51:39.326Z] GET /api/admin/reports?page=1&limit=20
[2026-06-21T16:51:43.608Z] GET /api/creator/topic-categories
[2026-06-21T16:51:43.614Z] GET /api/creator/topic-categories
[2026-06-21T16:51:48.519Z] GET /api/user/notifications?limit=1
[2026-06-21T16:51:48.521Z] GET /api/admin/analytics
[2026-06-21T16:51:48.524Z] GET /api/user/notifications?limit=1
[2026-06-21T16:51:48.527Z] GET /api/admin/analytics
[2026-06-21T16:51:53.131Z] GET /api/user/notifications?limit=1
[2026-06-21T16:51:53.136Z] GET /api/admin/audit-logs?page=1&limit=20
[2026-06-21T16:51:53.140Z] GET /api/user/notifications?limit=1
[2026-06-21T16:51:53.146Z] GET /api/admin/audit-logs?page=1&limit=20
[2026-06-21T16:51:57.852Z] GET /api/user/notifications?limit=1
[2026-06-21T16:51:57.855Z] GET /api/admin/notifications?page=1&limit=20
[2026-06-21T16:51:57.859Z] GET /api/user/notifications?limit=1
[2026-06-21T16:51:57.864Z] GET /api/admin/notifications?page=1&limit=20
[2026-06-21T16:52:02.641Z] GET /api/user/notifications?limit=1
[2026-06-21T16:52:02.643Z] GET /api/categories/part-of-speeches
[2026-06-21T16:52:02.646Z] GET /api/admin/topic-categories
[2026-06-21T16:52:02.661Z] GET /api/admin/topics?page=1&limit=50
[2026-06-21T16:52:02.664Z] GET /api/user/notifications?limit=1
[2026-06-21T16:52:02.666Z] GET /api/admin/words?page=1&limit=20&sortBy=createdAt&sortDirection=desc
[2026-06-21T16:52:02.678Z] GET /api/categories/part-of-speeches
[2026-06-21T16:52:02.706Z] GET /api/admin/topic-categories
[2026-06-21T16:52:02.713Z] GET /api/admin/topics?page=1&limit=50
[2026-06-21T16:52:02.716Z] GET /api/admin/words?page=1&limit=20&sortBy=createdAt&sortDirection=desc
[2026-06-21T16:52:07.436Z] GET /api/user/notifications?limit=1
[2026-06-21T16:52:07.438Z] GET /api/user/notifications?limit=1
[2026-06-21T16:52:07.441Z] GET /api/admin/words?page=1&limit=20&sortBy=updatedAt&sortDirection=desc
[2026-06-21T16:52:07.447Z] GET /api/admin/words?page=1&limit=20&sortBy=updatedAt&sortDirection=desc
[2026-06-21T16:52:07.616Z] GET /api/admin/questions/2056?page=1&limit=10
[2026-06-21T16:52:12.198Z] GET /api/admin/minitests?page=1&limit=12
[2026-06-21T16:52:12.202Z] GET /api/categories/topics
[2026-06-21T16:52:12.207Z] GET /api/admin/words?page=1&limit=100
[2026-06-21T16:52:12.212Z] GET /api/admin/minitests?page=1&limit=12
[2026-06-21T16:52:12.216Z] GET /api/categories/topics
[2026-06-21T16:52:12.221Z] GET /api/admin/words?page=1&limit=100
[2026-06-21T16:52:12.342Z] GET /api/admin/questions/2075?page=1&limit=100
[2026-06-21T16:52:12.515Z] GET /api/admin/questions/2075?page=1&limit=100
[2026-06-21T16:52:12.522Z] GET /api/admin/questions/2074?page=1&limit=100
[2026-06-21T16:52:12.530Z] GET /api/user/notifications?limit=1
[2026-06-21T16:52:12.532Z] GET /api/user/notifications?limit=1
[2026-06-21T16:52:12.627Z] GET /api/admin/questions/2074?page=1&limit=100
[2026-06-21T16:52:12.633Z] GET /api/admin/questions/2073?page=1&limit=100
[2026-06-21T16:52:12.662Z] GET /api/admin/questions/2072?page=1&limit=100
[2026-06-21T16:52:12.665Z] GET /api/admin/questions/2073?page=1&limit=100
[2026-06-21T16:52:12.690Z] GET /api/admin/questions/2071?page=1&limit=100
[2026-06-21T16:52:12.693Z] GET /api/admin/questions/2072?page=1&limit=100
[2026-06-21T16:52:12.720Z] GET /api/admin/questions/2071?page=1&limit=100
[2026-06-21T16:52:12.724Z] GET /api/admin/questions/2070?page=1&limit=100
[2026-06-21T16:52:12.748Z] GET /api/admin/questions/2069?page=1&limit=100
[2026-06-21T16:52:12.751Z] GET /api/admin/questions/2070?page=1&limit=100
[2026-06-21T16:52:12.775Z] GET /api/admin/questions/2068?page=1&limit=100
[2026-06-21T16:52:12.779Z] GET /api/admin/questions/2069?page=1&limit=100
[2026-06-21T16:52:12.805Z] GET /api/admin/questions/2068?page=1&limit=100
[2026-06-21T16:52:12.808Z] GET /api/admin/questions/2067?page=1&limit=100
[2026-06-21T16:52:12.836Z] GET /api/admin/questions/2066?page=1&limit=100
[2026-06-21T16:52:12.840Z] GET /api/admin/questions/2067?page=1&limit=100
[2026-06-21T16:52:12.868Z] GET /api/admin/questions/2066?page=1&limit=100
[2026-06-21T16:52:12.871Z] GET /api/admin/questions/2065?page=1&limit=100
[2026-06-21T16:52:12.894Z] GET /api/admin/questions/2065?page=1&limit=100
[2026-06-21T16:52:12.899Z] GET /api/admin/questions/2064?page=1&limit=100
[2026-06-21T16:52:12.922Z] GET /api/admin/questions/2064?page=1&limit=100
[2026-06-21T16:52:12.925Z] GET /api/admin/questions/2063?page=1&limit=100
[2026-06-21T16:52:12.950Z] GET /api/admin/questions/2063?page=1&limit=100
[2026-06-21T16:52:12.953Z] GET /api/admin/questions/2062?page=1&limit=100
[2026-06-21T16:52:12.977Z] GET /api/admin/questions/2061?page=1&limit=100
[2026-06-21T16:52:12.980Z] GET /api/admin/questions/2062?page=1&limit=100
[2026-06-21T16:52:13.001Z] GET /api/admin/questions/2060?page=1&limit=100
[2026-06-21T16:52:13.003Z] GET /api/admin/questions/2061?page=1&limit=100
[2026-06-21T16:52:13.020Z] GET /api/admin/questions/2060?page=1&limit=100
[2026-06-21T16:52:13.023Z] GET /api/admin/questions/2059?page=1&limit=100
[2026-06-21T16:52:13.042Z] GET /api/admin/questions/2059?page=1&limit=100
[2026-06-21T16:52:13.044Z] GET /api/admin/questions/2058?page=1&limit=100
[2026-06-21T16:52:13.071Z] GET /api/admin/questions/2057?page=1&limit=100
[2026-06-21T16:52:13.075Z] GET /api/admin/questions/2058?page=1&limit=100
[2026-06-21T16:52:13.099Z] GET /api/admin/questions/2057?page=1&limit=100
[2026-06-21T16:52:13.102Z] GET /api/admin/questions/2056?page=1&limit=100
[2026-06-21T16:52:13.131Z] GET /api/admin/questions/2055?page=1&limit=100
[2026-06-21T16:52:13.135Z] GET /api/admin/questions/2056?page=1&limit=100
[2026-06-21T16:52:13.158Z] GET /api/admin/questions/2054?page=1&limit=100
[2026-06-21T16:52:13.161Z] GET /api/admin/questions/2055?page=1&limit=100
[2026-06-21T16:52:13.188Z] GET /api/admin/questions/2054?page=1&limit=100
[2026-06-21T16:52:13.192Z] GET /api/admin/questions/2053?page=1&limit=100
[2026-06-21T16:52:13.216Z] GET /api/admin/questions/2053?page=1&limit=100
[2026-06-21T16:52:13.219Z] GET /api/admin/questions/2052?page=1&limit=100
[2026-06-21T16:52:13.243Z] GET /api/admin/questions/2052?page=1&limit=100
[2026-06-21T16:52:13.248Z] GET /api/admin/questions/2051?page=1&limit=100
[2026-06-21T16:52:13.276Z] GET /api/admin/questions/2050?page=1&limit=100
[2026-06-21T16:52:13.279Z] GET /api/admin/questions/2051?page=1&limit=100
[2026-06-21T16:52:13.304Z] GET /api/admin/questions/2050?page=1&limit=100
[2026-06-21T16:52:13.308Z] GET /api/admin/questions/2049?page=1&limit=100
[2026-06-21T16:52:13.333Z] GET /api/admin/questions/2048?page=1&limit=100
[2026-06-21T16:52:13.336Z] GET /api/admin/questions/2049?page=1&limit=100
[2026-06-21T16:52:13.363Z] GET /api/admin/questions/2047?page=1&limit=100
[2026-06-21T16:52:13.367Z] GET /api/admin/questions/2048?page=1&limit=100
[2026-06-21T16:52:13.391Z] GET /api/admin/questions/2046?page=1&limit=100
[2026-06-21T16:52:13.395Z] GET /api/admin/questions/2047?page=1&limit=100
[2026-06-21T16:52:13.421Z] GET /api/admin/questions/2045?page=1&limit=100
[2026-06-21T16:52:13.425Z] GET /api/admin/questions/2046?page=1&limit=100
[2026-06-21T16:52:13.451Z] GET /api/admin/questions/2045?page=1&limit=100
[2026-06-21T16:52:13.455Z] GET /api/admin/questions/2044?page=1&limit=100
[2026-06-21T16:52:13.479Z] GET /api/admin/questions/2043?page=1&limit=100
[2026-06-21T16:52:13.482Z] GET /api/admin/questions/2044?page=1&limit=100
[2026-06-21T16:52:13.507Z] GET /api/admin/questions/2042?page=1&limit=100
[2026-06-21T16:52:13.511Z] GET /api/admin/questions/2043?page=1&limit=100
[2026-06-21T16:52:13.537Z] GET /api/admin/questions/2042?page=1&limit=100
[2026-06-21T16:52:13.540Z] GET /api/admin/questions/2041?page=1&limit=100
[2026-06-21T16:52:13.567Z] GET /api/admin/questions/2040?page=1&limit=100
[2026-06-21T16:52:13.571Z] GET /api/admin/questions/2041?page=1&limit=100
[2026-06-21T16:52:13.593Z] GET /api/admin/questions/2040?page=1&limit=100
[2026-06-21T16:52:13.596Z] GET /api/admin/questions/2039?page=1&limit=100
[2026-06-21T16:52:13.616Z] GET /api/admin/questions/2038?page=1&limit=100
[2026-06-21T16:52:13.621Z] GET /api/admin/questions/2039?page=1&limit=100
[2026-06-21T16:52:13.643Z] GET /api/admin/questions/2038?page=1&limit=100
[2026-06-21T16:52:13.646Z] GET /api/admin/questions/2037?page=1&limit=100
[2026-06-21T16:52:13.676Z] GET /api/admin/questions/2037?page=1&limit=100
[2026-06-21T16:52:13.680Z] GET /api/admin/questions/2036?page=1&limit=100
[2026-06-21T16:52:13.710Z] GET /api/admin/questions/2036?page=1&limit=100
[2026-06-21T16:52:13.719Z] GET /api/admin/questions/2035?page=1&limit=100
[2026-06-21T16:52:13.755Z] GET /api/admin/questions/2035?page=1&limit=100
[2026-06-21T16:52:13.760Z] GET /api/admin/questions/2034?page=1&limit=100
[2026-06-21T16:52:13.789Z] GET /api/admin/questions/2034?page=1&limit=100
[2026-06-21T16:52:13.793Z] GET /api/admin/questions/2033?page=1&limit=100
[2026-06-21T16:52:13.824Z] GET /api/admin/questions/2032?page=1&limit=100
[2026-06-21T16:52:13.829Z] GET /api/admin/questions/2033?page=1&limit=100
[2026-06-21T16:52:13.856Z] GET /api/admin/questions/2032?page=1&limit=100
[2026-06-21T16:52:13.860Z] GET /api/admin/questions/2031?page=1&limit=100
[2026-06-21T16:52:13.888Z] GET /api/admin/questions/2030?page=1&limit=100
[2026-06-21T16:52:13.892Z] GET /api/admin/questions/2031?page=1&limit=100
[2026-06-21T16:52:13.916Z] GET /api/admin/questions/2029?page=1&limit=100
[2026-06-21T16:52:13.925Z] GET /api/admin/questions/2030?page=1&limit=100
[2026-06-21T16:52:13.948Z] GET /api/admin/questions/2028?page=1&limit=100
[2026-06-21T16:52:13.957Z] GET /api/admin/questions/2029?page=1&limit=100
[2026-06-21T16:52:13.983Z] GET /api/admin/questions/2027?page=1&limit=100
[2026-06-21T16:52:13.993Z] GET /api/admin/questions/2028?page=1&limit=100
[2026-06-21T16:52:14.013Z] GET /api/admin/questions/2026?page=1&limit=100
[2026-06-21T16:52:14.015Z] GET /api/admin/questions/2027?page=1&limit=100
[2026-06-21T16:52:14.032Z] GET /api/admin/questions/2025?page=1&limit=100
[2026-06-21T16:52:14.034Z] GET /api/admin/questions/2026?page=1&limit=100
[2026-06-21T16:52:14.051Z] GET /api/admin/questions/2025?page=1&limit=100
[2026-06-21T16:52:14.054Z] GET /api/admin/questions/2024?page=1&limit=100
[2026-06-21T16:52:14.083Z] GET /api/admin/questions/2024?page=1&limit=100
[2026-06-21T16:52:14.088Z] GET /api/admin/questions/2023?page=1&limit=100
[2026-06-21T16:52:14.119Z] GET /api/admin/questions/2023?page=1&limit=100
[2026-06-21T16:52:14.125Z] GET /api/admin/questions/2022?page=1&limit=100
[2026-06-21T16:52:14.159Z] GET /api/admin/questions/2021?page=1&limit=100
[2026-06-21T16:52:14.163Z] GET /api/admin/questions/2022?page=1&limit=100
[2026-06-21T16:52:14.204Z] GET /api/admin/questions/2020?page=1&limit=100
[2026-06-21T16:52:14.209Z] GET /api/admin/questions/2021?page=1&limit=100
[2026-06-21T16:52:14.257Z] GET /api/admin/questions/2020?page=1&limit=100
[2026-06-21T16:52:14.263Z] GET /api/admin/questions/2019?page=1&limit=100
[2026-06-21T16:52:14.301Z] GET /api/admin/questions/2018?page=1&limit=100
[2026-06-21T16:52:14.304Z] GET /api/admin/questions/2019?page=1&limit=100
[2026-06-21T16:52:14.344Z] GET /api/admin/questions/2017?page=1&limit=100
[2026-06-21T16:52:14.350Z] GET /api/admin/questions/2018?page=1&limit=100
[2026-06-21T16:52:14.393Z] GET /api/admin/questions/2017?page=1&limit=100
[2026-06-21T16:52:14.398Z] GET /api/admin/questions/2016?page=1&limit=100
[2026-06-21T16:52:14.429Z] GET /api/admin/questions/2015?page=1&limit=100
[2026-06-21T16:52:14.432Z] GET /api/admin/questions/2016?page=1&limit=100
[2026-06-21T16:52:14.458Z] GET /api/admin/questions/2014?page=1&limit=100
[2026-06-21T16:52:14.469Z] GET /api/admin/questions/2015?page=1&limit=100
[2026-06-21T16:52:14.492Z] GET /api/admin/questions/2013?page=1&limit=100
[2026-06-21T16:52:14.501Z] GET /api/admin/questions/2014?page=1&limit=100
[2026-06-21T16:52:14.522Z] GET /api/admin/questions/2012?page=1&limit=100
[2026-06-21T16:52:14.529Z] GET /api/admin/questions/2013?page=1&limit=100
[2026-06-21T16:52:14.554Z] GET /api/admin/questions/2011?page=1&limit=100
[2026-06-21T16:52:14.564Z] GET /api/admin/questions/2012?page=1&limit=100
[2026-06-21T16:52:14.590Z] GET /api/admin/questions/2010?page=1&limit=100
[2026-06-21T16:52:14.598Z] GET /api/admin/questions/2011?page=1&limit=100
[2026-06-21T16:52:14.621Z] GET /api/admin/questions/2009?page=1&limit=100
[2026-06-21T16:52:14.631Z] GET /api/admin/questions/2010?page=1&limit=100
[2026-06-21T16:52:14.654Z] GET /api/admin/questions/2008?page=1&limit=100
[2026-06-21T16:52:14.664Z] GET /api/admin/questions/2009?page=1&limit=100
[2026-06-21T16:52:14.694Z] GET /api/admin/questions/2007?page=1&limit=100
[2026-06-21T16:52:14.703Z] GET /api/admin/questions/2008?page=1&limit=100
[2026-06-21T16:52:14.731Z] GET /api/admin/questions/2006?page=1&limit=100
[2026-06-21T16:52:14.746Z] GET /api/admin/questions/2007?page=1&limit=100
[2026-06-21T16:52:14.759Z] GET /api/admin/questions/2005?page=1&limit=100
[2026-06-21T16:52:14.781Z] GET /api/admin/questions/2006?page=1&limit=100
[2026-06-21T16:52:14.793Z] GET /api/admin/questions/2004?page=1&limit=100
[2026-06-21T16:52:14.817Z] GET /api/admin/questions/2005?page=1&limit=100
[2026-06-21T16:52:14.824Z] GET /api/admin/questions/2003?page=1&limit=100
[2026-06-21T16:52:14.843Z] GET /api/admin/questions/2004?page=1&limit=100
[2026-06-21T16:52:14.849Z] GET /api/admin/questions/2002?page=1&limit=100
[2026-06-21T16:52:14.872Z] GET /api/admin/questions/2003?page=1&limit=100
[2026-06-21T16:52:14.879Z] GET /api/admin/questions/2001?page=1&limit=100
[2026-06-21T16:52:14.902Z] GET /api/admin/questions/2002?page=1&limit=100
[2026-06-21T16:52:14.913Z] GET /api/admin/questions/2000?page=1&limit=100
[2026-06-21T16:52:14.938Z] GET /api/admin/questions/2001?page=1&limit=100
[2026-06-21T16:52:14.944Z] GET /api/admin/questions/1999?page=1&limit=100
[2026-06-21T16:52:14.973Z] GET /api/admin/questions/2000?page=1&limit=100
[2026-06-21T16:52:14.978Z] GET /api/admin/questions/1998?page=1&limit=100
[2026-06-21T16:52:15.012Z] GET /api/admin/questions/1999?page=1&limit=100
[2026-06-21T16:52:15.016Z] GET /api/admin/questions/1997?page=1&limit=100
[2026-06-21T16:52:15.051Z] GET /api/admin/questions/1996?page=1&limit=100
[2026-06-21T16:52:15.061Z] GET /api/admin/questions/1998?page=1&limit=100
[2026-06-21T16:52:15.089Z] GET /api/admin/questions/1995?page=1&limit=100
[2026-06-21T16:52:15.098Z] GET /api/admin/questions/1997?page=1&limit=100
[2026-06-21T16:52:15.126Z] GET /api/admin/questions/1994?page=1&limit=100
[2026-06-21T16:52:15.137Z] GET /api/admin/questions/1996?page=1&limit=100
[2026-06-21T16:52:15.163Z] GET /api/admin/questions/1993?page=1&limit=100
[2026-06-21T16:52:15.168Z] GET /api/admin/questions/1995?page=1&limit=100
[2026-06-21T16:52:15.197Z] GET /api/admin/questions/1994?page=1&limit=100
[2026-06-21T16:52:15.200Z] GET /api/admin/questions/1992?page=1&limit=100
[2026-06-21T16:52:15.224Z] GET /api/admin/questions/1991?page=1&limit=100
[2026-06-21T16:52:15.228Z] GET /api/admin/questions/1993?page=1&limit=100
[2026-06-21T16:52:15.258Z] GET /api/admin/questions/1990?page=1&limit=100
[2026-06-21T16:52:15.261Z] GET /api/admin/questions/1992?page=1&limit=100
[2026-06-21T16:52:15.285Z] GET /api/admin/questions/1989?page=1&limit=100
[2026-06-21T16:52:15.287Z] GET /api/admin/questions/1991?page=1&limit=100
[2026-06-21T16:52:15.313Z] GET /api/admin/questions/1988?page=1&limit=100
[2026-06-21T16:52:15.317Z] GET /api/admin/questions/1990?page=1&limit=100
[2026-06-21T16:52:15.339Z] GET /api/admin/questions/1987?page=1&limit=100
[2026-06-21T16:52:15.342Z] GET /api/admin/questions/1989?page=1&limit=100
[2026-06-21T16:52:15.370Z] GET /api/admin/questions/1988?page=1&limit=100
[2026-06-21T16:52:15.373Z] GET /api/admin/questions/1986?page=1&limit=100
[2026-06-21T16:52:15.400Z] GET /api/admin/questions/1987?page=1&limit=100
[2026-06-21T16:52:15.403Z] GET /api/admin/questions/1985?page=1&limit=100
[2026-06-21T16:52:15.437Z] GET /api/admin/questions/1986?page=1&limit=100
[2026-06-21T16:52:15.440Z] GET /api/admin/questions/1984?page=1&limit=100
[2026-06-21T16:52:15.473Z] GET /api/admin/questions/1985?page=1&limit=100
[2026-06-21T16:52:15.476Z] GET /api/admin/questions/1983?page=1&limit=100
[2026-06-21T16:52:15.500Z] GET /api/admin/questions/1982?page=1&limit=100
[2026-06-21T16:52:15.505Z] GET /api/admin/questions/1984?page=1&limit=100
[2026-06-21T16:52:15.531Z] GET /api/admin/questions/1981?page=1&limit=100
[2026-06-21T16:52:15.536Z] GET /api/admin/questions/1983?page=1&limit=100
[2026-06-21T16:52:15.556Z] GET /api/admin/questions/1980?page=1&limit=100
[2026-06-21T16:52:15.559Z] GET /api/admin/questions/1982?page=1&limit=100
[2026-06-21T16:52:15.590Z] GET /api/admin/questions/1979?page=1&limit=100
[2026-06-21T16:52:15.595Z] GET /api/admin/questions/1981?page=1&limit=100
[2026-06-21T16:52:15.626Z] GET /api/admin/questions/1980?page=1&limit=100
[2026-06-21T16:52:15.631Z] GET /api/admin/questions/1978?page=1&limit=100
[2026-06-21T16:52:15.680Z] GET /api/admin/questions/1979?page=1&limit=100
[2026-06-21T16:52:15.688Z] GET /api/admin/questions/1977?page=1&limit=100
[2026-06-21T16:52:15.724Z] GET /api/admin/questions/1978?page=1&limit=100
[2026-06-21T16:52:15.730Z] GET /api/admin/questions/1976?page=1&limit=100
[2026-06-21T16:52:15.858Z] GET /api/admin/questions/1977?page=1&limit=100
[2026-06-21T16:52:15.894Z] GET /api/admin/questions/1976?page=1&limit=100
